Component: Arm Compiler for Embedded 6.24 Tool: armlink [5f371500]

==============================================================================

Section Cross References

    startup_stm32f103xe.o(STACK) refers (Special) to heapauxi.o(.text) for __use_two_region_memory
    startup_stm32f103xe.o(HEAP) refers (Special) to heapauxi.o(.text) for __use_two_region_memory
    startup_stm32f103xe.o(RESET) refers (Special) to heapauxi.o(.text) for __use_two_region_memory
    startup_stm32f103xe.o(RESET) refers to startup_stm32f103xe.o(STACK) for __initial_sp
    startup_stm32f103xe.o(RESET) refers to startup_stm32f103xe.o(.text) for Reset_Handler
    startup_stm32f103xe.o(RESET) refers to stm32f1xx_it.o(.text.NMI_Handler) for NMI_Handler
    startup_stm32f103xe.o(RESET) refers to stm32f1xx_it.o(.text.HardFault_Handler) for HardFault_Handler
    startup_stm32f103xe.o(RESET) refers to stm32f1xx_it.o(.text.MemManage_Handler) for MemManage_Handler
    startup_stm32f103xe.o(RESET) refers to stm32f1xx_it.o(.text.BusFault_Handler) for BusFault_Handler
    startup_stm32f103xe.o(RESET) refers to stm32f1xx_it.o(.text.UsageFault_Handler) for UsageFault_Handler
    startup_stm32f103xe.o(RESET) refers to port.o(.text.SVC_Handler) for SVC_Handler
    startup_stm32f103xe.o(RESET) refers to stm32f1xx_it.o(.text.DebugMon_Handler) for DebugMon_Handler
    startup_stm32f103xe.o(RESET) refers to port.o(.text.PendSV_Handler) for PendSV_Handler
    startup_stm32f103xe.o(RESET) refers to stm32f1xx_it.o(.text.SysTick_Handler) for SysTick_Handler
    startup_stm32f103xe.o(RESET) refers to stm32f1xx_it.o(.text.TIM7_IRQHandler) for TIM7_IRQHandler
    startup_stm32f103xe.o(.text) refers (Special) to heapauxi.o(.text) for __use_two_region_memory
    startup_stm32f103xe.o(.text) refers to system_stm32f1xx.o(.text.SystemInit) for SystemInit
    startup_stm32f103xe.o(.text) refers to __main.o(!!!main) for __main
    startup_stm32f103xe.o(.text) refers to startup_stm32f103xe.o(HEAP) for Heap_Mem
    startup_stm32f103xe.o(.text) refers to startup_stm32f103xe.o(STACK) for Stack_Mem
    main.o(.text.main) refers to stm32f1xx_hal.o(.text.HAL_Init) for HAL_Init
    main.o(.text.main) refers to stm32f1xx_hal_rcc.o(.text.HAL_RCC_OscConfig) for HAL_RCC_OscConfig
    main.o(.text.main) refers to stm32f1xx_hal_rcc.o(.text.HAL_RCC_ClockConfig) for HAL_RCC_ClockConfig
    main.o(.text.main) refers to gpio.o(.text.MX_GPIO_Init) for MX_GPIO_Init
    main.o(.text.main) refers to usart.o(.text.MX_USART1_UART_Init) for MX_USART1_UART_Init
    main.o(.text.main) refers to freertos_demo1.o(.text.FreeRTOS_Start) for FreeRTOS_Start
    main.o(.ARM.exidx.text.main) refers to main.o(.text.main) for [Anonymous Symbol]
    main.o(.text.SystemClock_Config) refers to stm32f1xx_hal_rcc.o(.text.HAL_RCC_OscConfig) for HAL_RCC_OscConfig
    main.o(.text.SystemClock_Config) refers to stm32f1xx_hal_rcc.o(.text.HAL_RCC_ClockConfig) for HAL_RCC_ClockConfig
    main.o(.ARM.exidx.text.SystemClock_Config) refers to main.o(.text.SystemClock_Config) for [Anonymous Symbol]
    main.o(.ARM.exidx.text.Error_Handler) refers to main.o(.text.Error_Handler) for [Anonymous Symbol]
    main.o(.text.HAL_TIM_PeriodElapsedCallback) refers to stm32f1xx_hal.o(.text.HAL_IncTick) for HAL_IncTick
    main.o(.ARM.exidx.text.HAL_TIM_PeriodElapsedCallback) refers to main.o(.text.HAL_TIM_PeriodElapsedCallback) for [Anonymous Symbol]
    gpio.o(.text.MX_GPIO_Init) refers to stm32f1xx_hal_gpio.o(.text.HAL_GPIO_WritePin) for HAL_GPIO_WritePin
    gpio.o(.text.MX_GPIO_Init) refers to stm32f1xx_hal_gpio.o(.text.HAL_GPIO_Init) for HAL_GPIO_Init
    gpio.o(.ARM.exidx.text.MX_GPIO_Init) refers to gpio.o(.text.MX_GPIO_Init) for [Anonymous Symbol]
    usart.o(.text.MX_USART1_UART_Init) refers to usart.o(.bss.huart1) for huart1
    usart.o(.text.MX_USART1_UART_Init) refers to stm32f1xx_hal_uart.o(.text.HAL_UART_Init) for HAL_UART_Init
    usart.o(.text.MX_USART1_UART_Init) refers to main.o(.text.Error_Handler) for Error_Handler
    usart.o(.ARM.exidx.text.MX_USART1_UART_Init) refers to usart.o(.text.MX_USART1_UART_Init) for [Anonymous Symbol]
    usart.o(.text.HAL_UART_MspInit) refers to stm32f1xx_hal_gpio.o(.text.HAL_GPIO_Init) for HAL_GPIO_Init
    usart.o(.ARM.exidx.text.HAL_UART_MspInit) refers to usart.o(.text.HAL_UART_MspInit) for [Anonymous Symbol]
    usart.o(.text.HAL_UART_MspDeInit) refers to stm32f1xx_hal_gpio.o(.text.HAL_GPIO_DeInit) for HAL_GPIO_DeInit
    usart.o(.ARM.exidx.text.HAL_UART_MspDeInit) refers to usart.o(.text.HAL_UART_MspDeInit) for [Anonymous Symbol]
    usart.o(.text.fputc) refers to usart.o(.bss.huart1) for huart1
    usart.o(.text.fputc) refers to stm32f1xx_hal_uart.o(.text.HAL_UART_Transmit) for HAL_UART_Transmit
    usart.o(.ARM.exidx.text.fputc) refers to usart.o(.text.fputc) for [Anonymous Symbol]
    stm32f1xx_it.o(.ARM.exidx.text.NMI_Handler) refers to stm32f1xx_it.o(.text.NMI_Handler) for [Anonymous Symbol]
[...]
    Removing event_groups.o(.ARM.exidx.text.xEventGroupGetBitsFromISR), (8 bytes).
    Removing event_groups.o(.text.vEventGroupDelete), (42 bytes).
    Removing event_groups.o(.ARM.exidx.text.vEventGroupDelete), (8 bytes).
    Removing event_groups.o(.text.vEventGroupSetBitsCallback), (112 bytes).
    Removing event_groups.o(.ARM.exidx.text.vEventGroupSetBitsCallback), (8 bytes).
    Removing event_groups.o(.text.vEventGroupClearBitsCallback), (24 bytes).
    Removing event_groups.o(.ARM.exidx.text.vEventGroupClearBitsCallback), (8 bytes).
    Removing list.o(.text), (0 bytes).
    Removing list.o(.ARM.exidx.text.vListInitialise), (8 bytes).
    Removing list.o(.ARM.exidx.text.vListInitialiseItem), (8 bytes).
    Removing list.o(.text.vListInsertEnd), (24 bytes).
    Removing list.o(.ARM.exidx.text.vListInsertEnd), (8 bytes).
    Removing list.o(.ARM.exidx.text.vListInsert), (8 bytes).
    Removing list.o(.ARM.exidx.text.uxListRemove), (8 bytes).
    Removing queue.o(.text), (0 bytes).
    Removing queue.o(.text.xQueueGenericReset), (142 bytes).
    Removing queue.o(.ARM.exidx.text.xQueueGenericReset), (8 bytes).
    Removing queue.o(.text.xQueueGenericCreate), (128 bytes).
    Removing queue.o(.ARM.exidx.text.xQueueGenericCreate), (8 bytes).
    Removing queue.o(.text.xQueueGenericSend), (516 bytes).
    Removing queue.o(.ARM.exidx.text.xQueueGenericSend), (8 bytes).
    Removing queue.o(.text.prvUnlockQueue), (116 bytes).
    Removing queue.o(.ARM.exidx.text.prvUnlockQueue), (8 bytes).
    Removing queue.o(.text.xQueueGenericSendFromISR), (236 bytes).
    Removing queue.o(.ARM.exidx.text.xQueueGenericSendFromISR), (8 bytes).
    Removing queue.o(.text.xQueueGiveFromISR), (122 bytes).
    Removing queue.o(.ARM.exidx.text.xQueueGiveFromISR), (8 bytes).
    Removing queue.o(.text.xQueueReceive), (494 bytes).
    Removing queue.o(.ARM.exidx.text.xQueueReceive), (8 bytes).
    Removing queue.o(.text.xQueueSemaphoreTake), (446 bytes).
    Removing queue.o(.ARM.exidx.text.xQueueSemaphoreTake), (8 bytes).
    Removing queue.o(.text.xQueuePeek), (482 bytes).
    Removing queue.o(.ARM.exidx.text.xQueuePeek), (8 bytes).
    Removing queue.o(.text.xQueueReceiveFromISR), (160 bytes).
    Removing queue.o(.ARM.exidx.text.xQueueReceiveFromISR), (8 bytes).
    Removing queue.o(.text.xQueuePeekFromISR), (76 bytes).
    Removing queue.o(.ARM.exidx.text.xQueuePeekFromISR), (8 bytes).
    Removing queue.o(.text.uxQueueMessagesWaiting), (18 bytes).
    Removing queue.o(.ARM.exidx.text.uxQueueMessagesWaiting), (8 bytes).
    Removing queue.o(.text.uxQueueSpacesAvailable), (22 bytes).
    Removing queue.o(.ARM.exidx.text.uxQueueSpacesAvailable), (8 bytes).
    Removing queue.o(.text.uxQueueMessagesWaitingFromISR), (4 bytes).
    Removing queue.o(.ARM.exidx.text.uxQueueMessagesWaitingFromISR), (8 bytes).
    Removing queue.o(.text.vQueueDelete), (4 bytes).
    Removing queue.o(.ARM.exidx.text.vQueueDelete), (8 bytes).
    Removing queue.o(.text.uxQueueGetQueueItemSize), (4 bytes).
    Removing queue.o(.ARM.exidx.text.uxQueueGetQueueItemSize), (8 bytes).
    Removing queue.o(.text.uxQueueGetQueueLength), (4 bytes).
    Removing queue.o(.ARM.exidx.text.uxQueueGetQueueLength), (8 bytes).
    Removing queue.o(.text.xQueueIsQueueEmptyFromISR), (10 bytes).
    Removing queue.o(.ARM.exidx.text.xQueueIsQueueEmptyFromISR), (8 bytes).
    Removing queue.o(.text.xQueueIsQueueFullFromISR), (14 bytes).
    Removing queue.o(.ARM.exidx.text.xQueueIsQueueFullFromISR), (8 bytes).
    Removing stream_buffer.o(.text), (0 bytes).
    Removing stream_buffer.o(.text.xStreamBufferGenericCreate), (90 bytes).
    Removing stream_buffer.o(.ARM.exidx.text.xStreamBufferGenericCreate), (8 bytes).
    Removing stream_buffer.o(.text.vStreamBufferDelete), (20 bytes).
    Removing stream_buffer.o(.ARM.exidx.text.vStreamBufferDelete), (8 bytes).
    Removing stream_buffer.o(.text.xStreamBufferReset), (58 bytes).
    Removing stream_buffer.o(.ARM.exidx.text.xStreamBufferReset), (8 bytes).
    Removing stream_buffer.o(.text.xStreamBufferResetFromISR), (76 bytes).
    Removing stream_buffer.o(.ARM.exidx.text.xStreamBufferResetFromISR), (8 bytes).
    Removing stream_buffer.o(.text.xStreamBufferSetTriggerLevel), (20 bytes).
    Removing stream_buffer.o(.ARM.exidx.text.xStreamBufferSetTriggerLevel), (8 bytes).
    Removing stream_buffer.o(.text.xStreamBufferSpacesAvailable), (80 bytes).
    Removing stream_buffer.o(.ARM.exidx.text.xStreamBufferSpacesAvailable), (8 bytes).
    Removing stream_buffer.o(.text.xStreamBufferBytesAvailable), (18 bytes).
    Removing stream_buffer.o(.ARM.exidx.text.xStreamBufferBytesAvailable), (8 bytes).
    Removing stream_buffer.o(.text.xStreamBufferSend), (500 bytes).
    Removing stream_buffer.o(.ARM.exidx.text.xStreamBufferSend), (8 bytes).
    Removing stream_buffer.o(.text.xStreamBufferSendFromISR), (294 bytes).
    Removing stream_buffer.o(.ARM.exidx.text.xStreamBufferSendFromISR), (8 bytes).
    Removing stream_buffer.o(.text.xStreamBufferReceive), (346 bytes).
    Removing stream_buffer.o(.ARM.exidx.text.xStreamBufferReceive), (8 bytes).
    Removing stream_buffer.o(.text.xStreamBufferNextMessageLengthBytes), (80 bytes).
    Removing stream_buffer.o(.ARM.exidx.text.xStreamBufferNextMessageLengthBytes), (8 bytes).
    Removing stream_buffer.o(.text.xStreamBufferReceiveFromISR), (250 bytes).
    Removing stream_buffer.o(.ARM.exidx.text.xStreamBufferReceiveFromISR), (8 bytes).
    Removing stream_buffer.o(.text.xStreamBufferIsEmpty), (14 bytes).
    Removing stream_buffer.o(.ARM.exidx.text.xStreamBufferIsEmpty), (8 bytes).
    Removing stream_buffer.o(.text.xStreamBufferIsFull), (92 bytes).
    Removing stream_buffer.o(.ARM.exidx.text.xStreamBufferIsFull), (8 bytes).
    Removing stream_buffer.o(.text.xStreamBufferSendCompletedFromISR), (66 bytes).
    Removing stream_buffer.o(.ARM.exidx.text.xStreamBufferSendCompletedFromISR), (8 bytes).
    Removing stream_buffer.o(.text.xStreamBufferReceiveCompletedFromISR), (66 bytes).
    Removing stream_buffer.o(.ARM.exidx.text.xStreamBufferReceiveCompletedFromISR), (8 bytes).
    Removing stream_buffer.o(.text.uxStreamBufferGetStreamBufferNotificationIndex), (4 bytes).
    Removing stream_buffer.o(.ARM.exidx.text.uxStreamBufferGetStreamBufferNotificationIndex), (8 bytes).
    Removing stream_buffer.o(.text.vStreamBufferSetStreamBufferNotificationIndex), (4 bytes).
    Removing stream_buffer.o(.ARM.exidx.text.vStreamBufferSetStreamBufferNotificationIndex), (8 bytes).
    Removing tasks.o(.text), (0 bytes).
    Removing tasks.o(.ARM.exidx.text.xTaskCreate), (8 bytes).
    Removing tasks.o(.text.vTaskDelete), (212 bytes).
    Removing tasks.o(.ARM.exidx.text.vTaskDelete), (8 bytes).
    Removing tasks.o(.text.xTaskDelayUntil), (198 bytes).
    Removing tasks.o(.ARM.exidx.text.xTaskDelayUntil), (8 bytes).
    Removing tasks.o(.ARM.exidx.text.vTaskSuspendAll), (8 bytes).
    Removing tasks.o(.text.prvAddCurrentTaskToDelayedList), (162 bytes).
    Removing tasks.o(.ARM.exidx.text.prvAddCurrentTaskToDelayedList), (8 bytes).
    Removing tasks.o(.ARM.exidx.text.xTaskResumeAll), (8 bytes).
    Removing tasks.o(.ARM.exidx.text.vTaskDelay), (8 bytes).
    Removing tasks.o(.text.uxTaskPriorityGet), (40 bytes).
    Removing tasks.o(.ARM.exidx.text.uxTaskPriorityGet), (8 bytes).
    Removing tasks.o(.text.uxTaskPriorityGetFromISR), (50 bytes).
    Removing tasks.o(.ARM.exidx.text.uxTaskPriorityGetFromISR), (8 bytes).
    Removing tasks.o(.text.vTaskPrioritySet), (246 bytes).
    Removing tasks.o(.ARM.exidx.text.vTaskPrioritySet), (8 bytes).
    Removing tasks.o(.text.vTaskSuspend), (280 bytes).
    Removing tasks.o(.ARM.exidx.text.vTaskSuspend), (8 bytes).
    Removing tasks.o(.ARM.exidx.text.vTaskSwitchContext), (8 bytes).
    Removing tasks.o(.text.vTaskResume), (174 bytes).
    Removing tasks.o(.ARM.exidx.text.vTaskResume), (8 bytes).
    Removing tasks.o(.text.xTaskResumeFromISR), (194 bytes).
    Removing tasks.o(.ARM.exidx.text.xTaskResumeFromISR), (8 bytes).
    Removing tasks.o(.ARM.exidx.text.vTaskStartScheduler), (8 bytes).
    Removing tasks.o(.text.vTaskEndScheduler), (96 bytes).
    Removing tasks.o(.ARM.exidx.text.vTaskEndScheduler), (8 bytes).
    Removing tasks.o(.ARM.exidx.text.xTaskIncrementTick), (8 bytes).
    Removing tasks.o(.text.xTaskGetTickCount), (12 bytes).
    Removing tasks.o(.ARM.exidx.text.xTaskGetTickCount), (8 bytes).
    Removing tasks.o(.text.xTaskGetTickCountFromISR), (12 bytes).
    Removing tasks.o(.ARM.exidx.text.xTaskGetTickCountFromISR), (8 bytes).
    Removing tasks.o(.text.uxTaskGetNumberOfTasks), (12 bytes).
    Removing tasks.o(.ARM.exidx.text.uxTaskGetNumberOfTasks), (8 bytes).
    Removing tasks.o(.text.pcTaskGetName), (22 bytes).
    Removing tasks.o(.ARM.exidx.text.pcTaskGetName), (8 bytes).
    Removing tasks.o(.text.xTaskCatchUpTicks), (40 bytes).
    Removing tasks.o(.ARM.exidx.text.xTaskCatchUpTicks), (8 bytes).
    Removing tasks.o(.text.vTaskPlaceOnEventList), (32 bytes).
    Removing tasks.o(.ARM.exidx.text.vTaskPlaceOnEventList), (8 bytes).
    Removing tasks.o(.text.vTaskPlaceOnUnorderedEventList), (76 bytes).
    Removing tasks.o(.ARM.exidx.text.vTaskPlaceOnUnorderedEventList), (8 bytes).
    Removing tasks.o(.text.xTaskRemoveFromEventList), (202 bytes).
    Removing tasks.o(.ARM.exidx.text.xTaskRemoveFromEventList), (8 bytes).
    Removing tasks.o(.text.vTaskRemoveFromUnorderedEventList), (168 bytes).
    Removing tasks.o(.ARM.exidx.text.vTaskRemoveFromUnorderedEventList), (8 bytes).
    Removing tasks.o(.text.vTaskSetTimeOutState), (32 bytes).
    Removing tasks.o(.ARM.exidx.text.vTaskSetTimeOutState), (8 bytes).
    Removing tasks.o(.text.vTaskInternalSetTimeOutState), (18 bytes).
    Removing tasks.o(.ARM.exidx.text.vTaskInternalSetTimeOutState), (8 bytes).
    Removing tasks.o(.text.xTaskCheckForTimeOut), (102 bytes).
    Removing tasks.o(.ARM.exidx.text.xTaskCheckForTimeOut), (8 bytes).
    Removing tasks.o(.text.vTaskMissedYield), (14 bytes).
    Removing tasks.o(.ARM.exidx.text.vTaskMissedYield), (8 bytes).
    Removing tasks.o(.text.xTaskGetCurrentTaskHandle), (12 bytes).
    Removing tasks.o(.ARM.exidx.text.xTaskGetCurrentTaskHandle), (8 bytes).
    Removing tasks.o(.text.xTaskGetCurrentTaskHandleForCore), (20 bytes).
    Removing tasks.o(.ARM.exidx.text.xTaskGetCurrentTaskHandleForCore), (8 bytes).
    Removing tasks.o(.ARM.exidx.text.xTaskGetSchedulerState), (8 bytes).
    Removing tasks.o(.text.uxTaskResetEventItemValue), (26 bytes).
    Removing tasks.o(.ARM.exidx.text.uxTaskResetEventItemValue), (8 bytes).
    Removing tasks.o(.text.ulTaskGenericNotifyTake), (162 bytes).
    Removing tasks.o(.ARM.exidx.text.ulTaskGenericNotifyTake), (8 bytes).
    Removing tasks.o(.text.xTaskGenericNotifyWait), (194 bytes).
    Removing tasks.o(.ARM.exidx.text.xTaskGenericNotifyWait), (8 bytes).
    Removing tasks.o(.text.xTaskGenericNotify), (266 bytes).
    Removing tasks.o(.ARM.exidx.text.xTaskGenericNotify), (8 bytes).
    Removing tasks.o(.text.xTaskGenericNotifyFromISR), (304 bytes).
    Removing tasks.o(.ARM.exidx.text.xTaskGenericNotifyFromISR), (8 bytes).
    Removing tasks.o(.text.vTaskGenericNotifyGiveFromISR), (226 bytes).
    Removing tasks.o(.ARM.exidx.text.vTaskGenericNotifyGiveFromISR), (8 bytes).
    Removing tasks.o(.text.xTaskGenericNotifyStateClear), (46 bytes).
    Removing tasks.o(.ARM.exidx.text.xTaskGenericNotifyStateClear), (8 bytes).
    Removing tasks.o(.text.ulTaskGenericNotifyValueClear), (44 bytes).
    Removing tasks.o(.ARM.exidx.text.ulTaskGenericNotifyValueClear), (8 bytes).
    Removing tasks.o(.text.vTaskResetState), (44 bytes).
    Removing tasks.o(.ARM.exidx.text.vTaskResetState), (8 bytes).
    Removing tasks.o(.ARM.exidx.text.prvIdleTask), (8 bytes).
    Removing tasks.o(.rodata.str1.1), (5 bytes).
    Removing timers.o(.text), (0 bytes).
    Removing freertos_demo1.o(.text), (0 bytes).
    Removing freertos_demo1.o(.ARM.exidx.text.LED_Task), (8 bytes).
    Removing freertos_demo1.o(.ARM.exidx.text.FreeRTOS_Start), (8 bytes).

918 unused section(s) (total 53865 bytes) removed from the image.

==============================================================================

Image Symbol Table

    Local Symbols

    Symbol Name                              Value     Ov Type        Size  Object(Section)

    ../clib/angel/boardlib.s                 0x00000000   Number         0  boardinit1.o ABSOLUTE
    ../clib/angel/boardlib.s                 0x00000000   Number         0  boardinit2.o ABSOLUTE
    ../clib/angel/boardlib.s                 0x00000000   Number         0  boardinit3.o ABSOLUTE
    ../clib/angel/boardlib.s                 0x00000000   Number         0  boardshut.o ABSOLUTE
    ../clib/angel/handlers.s                 0x00000000   Number         0  __scatter_copy.o ABSOLUTE
    ../clib/angel/handlers.s                 0x00000000   Number         0  __scatter_zi.o ABSOLUTE
    ../clib/angel/kernel.s                   0x00000000   Number         0  __rtentry.o ABSOLUTE
    ../clib/angel/kernel.s                   0x00000000   Number         0  __rtentry2.o ABSOLUTE
    ../clib/angel/kernel.s                   0x00000000   Number         0  __rtentry4.o ABSOLUTE
    ../clib/angel/kernel.s                   0x00000000   Number         0  rtexit.o ABSOLUTE
    ../clib/angel/kernel.s                   0x00000000   Number         0  rtexit2.o ABSOLUTE
    ../clib/angel/rt.s                       0x00000000   Number         0  rt_raise.o ABSOLUTE
    ../clib/angel/scatter.s                  0x00000000   Number         0  __scatter.o ABSOLUTE
    ../clib/angel/startup.s                  0x00000000   Number         0  __main.o ABSOLUTE
    ../clib/angel/sys.s                      0x00000000   Number         0  sys_stackheap_outer.o ABSOLUTE
    ../clib/angel/sys.s                      0x00000000   Number         0  libspace.o ABSOLUTE
    ../clib/angel/sys.s                      0x00000000   Number         0  use_no_semi.o ABSOLUTE
    ../clib/angel/sys.s                      0x00000000   Number         0  indicate_semi.o ABSOLUTE
    ../clib/angel/sysapp.c                   0x00000000   Number         0  sys_exit.o ABSOLUTE
    ../clib/angel/sysapp.c                   0x00000000   Number         0  sys_exit_hlt.o ABSOLUTE
    ../clib/angel/sysapp.c                   0x00000000   Number         0  sys_command.o ABSOLUTE
    ../clib/angel/sysapp.c                   0x00000000   Number         0  sys_command_hlt.o ABSOLUTE
    ../clib/angel/sysapp.c                   0x00000000   Number         0  sys_wrch.o ABSOLUTE
    ../clib/angel/sysapp.c                   0x00000000   Number         0  sys_wrch_hlt.o ABSOLUTE
    ../clib/armsys.c                         0x00000000   Number         0  argv_veneer.o ABSOLUTE
    ../clib/armsys.c                         0x00000000   Number         0  argv_veneer.o ABSOLUTE
    ../clib/armsys.c                         0x00000000   Number         0  _get_argv_nomalloc.o ABSOLUTE
    ../clib/armsys.c                         0x00000000   Number         0  no_argv.o ABSOLUTE
    ../clib/heapalloc.c                      0x00000000   Number         0  hrguard.o ABSOLUTE
    ../clib/heapaux.c                        0x00000000   Number         0  heapauxi.o ABSOLUTE
    ../clib/libinit.s                        0x00000000   Number         0  libinit.o ABSOLUTE
    ../clib/libinit.s                        0x00000000   Number         0  libinit2.o ABSOLUTE
    ../clib/libinit.s                        0x00000000   Number         0  libshutdown.o ABSOLUTE
    ../clib/libinit.s                        0x00000000   Number         0  libshutdown2.o ABSOLUTE
    ../clib/memcpset.s                       0x00000000   Number         0  rt_memcpy_v6.o ABSOLUTE
    ../clib/memcpset.s                       0x00000000   Number         0  rt_memclr.o ABSOLUTE
    ../clib/memcpset.s                       0x00000000   Number         0  rt_memclr_w.o ABSOLUTE
    ../clib/memcpset.s                       0x00000000   Number         0  rt_memcpy_w.o ABSOLUTE
    ../clib/signal.c                         0x00000000   Number         0  defsig_rtmem_outer.o ABSOLUTE
    ../clib/signal.c                         0x00000000   Number         0  defsig_rtmem_formal.o ABSOLUTE
    ../clib/signal.c                         0x00000000   Number         0  defsig_exit.o ABSOLUTE
    ../clib/signal.c                         0x00000000   Number         0  defsig_rtmem_inner.o ABSOLUTE
    ../clib/signal.c                         0x00000000   Number         0  __raise.o ABSOLUTE
    ../clib/signal.c                         0x00000000   Number         0  defsig_general.o ABSOLUTE
    ../clib/signal.c                         0x00000000   Number         0  defsig_abrt_inner.o ABSOLUTE
    ../clib/signal.c                         0x00000000   Number         0  defsig_fpe_inner.o ABSOLUTE
    ../clib/signal.c                         0x00000000   Number         0  defsig_rtred_inner.o ABSOLUTE
    ../clib/signal.c                         0x00000000   Number         0  defsig_stak_inner.o ABSOLUTE
    ../clib/signal.c                         0x00000000   Number         0  defsig_pvfn_inner.o ABSOLUTE
    ../clib/signal.c                         0x00000000   Number         0  defsig_cppl_inner.o ABSOLUTE
    ../clib/signal.c                         0x00000000   Number         0  defsig_segv_inner.o ABSOLUTE
    ../clib/signal.c                         0x00000000   Number         0  defsig_other.o ABSOLUTE
    ../clib/signal.s                         0x00000000   Number         0  defsig.o ABSOLUTE
    ../clib/stdlib.c                         0x00000000   Number         0  exit.o ABSOLUTE
    ../fplib/fpinit.s                        0x00000000   Number         0  fpinit.o ABSOLUTE
    ../fplib/fpinit_empty.s                  0x00000000   Number         0  fpinit_empty.o ABSOLUTE
    FreeRTOS_demo1.c                         0x00000000   Number         0  freertos_demo1.o ABSOLUTE
    Int_Key.c                                0x00000000   Number         0  int_key.o ABSOLUTE
    Int_LED.c                                0x00000000   Number         0  int_led.o ABSOLUTE
    croutine.c                               0x00000000   Number         0  croutine.o ABSOLUTE
    dc.s                                     0x00000000   Number         0  dc.o ABSOLUTE
    event_groups.c                           0x00000000   Number         0  event_groups.o ABSOLUTE
    gpio.c                                   0x00000000   Number         0  gpio.o ABSOLUTE
    heap_4.c                                 0x00000000   Number         0  heap_4.o ABSOLUTE
    list.c                                   0x00000000   Number         0  list.o ABSOLUTE
    main.c                                   0x00000000   Number         0  main.o ABSOLUTE
    port.c                                   0x00000000   Number         0  port.o ABSOLUTE
    queue.c                                  0x00000000   Number         0  queue.o ABSOLUTE
    startup_stm32f103xe.s                    0x00000000   Number         0  startup_stm32f103xe.o ABSOLUTE
    stm32f1xx_hal.c                          0x00000000   Number         0  stm32f1xx_hal.o ABSOLUTE
    stm32f1xx_hal_cortex.c                   0x00000000   Number         0  stm32f1xx_hal_cortex.o ABSOLUTE
    stm32f1xx_hal_dma.c                      0x00000000   Number         0  stm32f1xx_hal_dma.o ABSOLUTE
    stm32f1xx_hal_exti.c                     0x00000000   Number         0  stm32f1xx_hal_exti.o ABSOLUTE
    stm32f1xx_hal_flash.c                    0x00000000   Number         0  stm32f1xx_hal_flash.o ABSOLUTE
    stm32f1xx_hal_flash_ex.c                 0x00000000   Number         0  stm32f1xx_hal_flash_ex.o ABSOLUTE
    stm32f1xx_hal_gpio.c                     0x00000000   Number         0  stm32f1xx_hal_gpio.o ABSOLUTE
    stm32f1xx_hal_gpio_ex.c                  0x00000000   Number         0  stm32f1xx_hal_gpio_ex.o ABSOLUTE
    stm32f1xx_hal_msp.c                      0x00000000   Number         0  stm32f1xx_hal_msp.o ABSOLUTE
    stm32f1xx_hal_pwr.c                      0x00000000   Number         0  stm32f1xx_hal_pwr.o ABSOLUTE
    stm32f1xx_hal_rcc.c                      0x00000000   Number         0  stm32f1xx_hal_rcc.o ABSOLUTE
    stm32f1xx_hal_rcc_ex.c                   0x00000000   Number         0  stm32f1xx_hal_rcc_ex.o ABSOLUTE
    stm32f1xx_hal_tim.c                      0x00000000   Number         0  stm32f1xx_hal_tim.o ABSOLUTE
    stm32f1xx_hal_tim_ex.c                   0x00000000   Number         0  stm32f1xx_hal_tim_ex.o ABSOLUTE
    stm32f1xx_hal_timebase_tim.c             0x00000000   Number         0  stm32f1xx_hal_timebase_tim.o ABSOLUTE
    stm32f1xx_hal_uart.c                     0x00000000   Number         0  stm32f1xx_hal_uart.o ABSOLUTE
    stm32f1xx_it.c                           0x00000000   Number         0  stm32f1xx_it.o ABSOLUTE
    stream_buffer.c                          0x00000000   Number         0  stream_buffer.o ABSOLUTE
    system_stm32f1xx.c                       0x00000000   Number         0  system_stm32f1xx.o ABSOLUTE
    tasks.c                                  0x00000000   Number         0  tasks.o ABSOLUTE
    timers.c                                 0x00000000   Number         0  timers.o ABSOLUTE
    usart.c                                  0x00000000   Number         0  usart.o ABSOLUTE
    RESET                                    0x08000000   Section      304  startup_stm32f103xe.o(RESET)
    !!!main                                  0x08000130   Section        8  __main.o(!!!main)
    !!!scatter                               0x08000138   Section       92  __scatter.o(!!!scatter)
    !!handler_copy                           0x08000194   Section       26  __scatter_copy.o(!!handler_copy)
    !!handler_null                           0x080001b0   Section        2  __scatter.o(!!handler_null)
    !!handler_zi                             0x080001b4   Section       28  __scatter_zi.o(!!handler_zi)
    .ARM.Collect$$libinit$$00000000          0x080001d0   Section        2  libinit.o(.ARM.Collect$$libinit$$00000000)
    .ARM.Collect$$libinit$$00000002          0x080001d2   Section        0  libinit2.o(.ARM.Collect$$libinit$$00000002)
    .ARM.Collect$$libinit$$00000004          0x080001d2   Section        0  libinit2.o(.ARM.Collect$$libinit$$00000004)
    .ARM.Collect$$libinit$$00000006          0x080001d2   Section        0  libinit2.o(.ARM.Collect$$libinit$$00000006)
    .ARM.Collect$$libinit$$0000000C          0x080001d2   Section        0  libinit2.o(.ARM.Collect$$libinit$$0000000C)
    .ARM.Collect$$libinit$$0000000E          0x080001d2   Section        0  libinit2.o(.ARM.Collect$$libinit$$0000000E)
    .ARM.Collect$$libinit$$00000010          0x080001d2   Section        0  libinit2.o(.ARM.Collect$$libinit$$00000010)
    .ARM.Collect$$libinit$$00000013          0x080001d2   Section        0  libinit2.o(.ARM.Collect$$libinit$$00000013)
    .ARM.Collect$$libinit$$00000015          0x080001d2   Section        0  libinit2.o(.ARM.Collect$$libinit$$00000015)
    .ARM.Collect$$libinit$$00000017          0x080001d2   Section        0  libinit2.o(.ARM.Collect$$libinit$$00000017)
    .ARM.Collect$$libinit$$00000019          0x080001d2   Section        0  libinit2.o(.ARM.Collect$$libinit$$00000019)
    .ARM.Collect$$libinit$$0000001B          0x080001d2   Section        0  libinit2.o(.ARM.Collect$$libinit$$0000001B)
    .ARM.Collect$$libinit$$0000001D          0x080001d2   Section        0  libinit2.o(.ARM.Collect$$libinit$$0000001D)
    .ARM.Collect$$libinit$$0000001F          0x080001d2   Section        0  libinit2.o(.ARM.Collect$$libinit$$0000001F)
    .ARM.Collect$$libinit$$00000021          0x080001d2   Section        0  libinit2.o(.ARM.Collect$$libinit$$00000021)
    .ARM.Collect$$libinit$$00000023          0x080001d2   Section        0  libinit2.o(.ARM.Collect$$libinit$$00000023)
    .ARM.Collect$$libinit$$00000025          0x080001d2   Section        0  libinit2.o(.ARM.Collect$$libinit$$00000025)
    .ARM.Collect$$libinit$$00000027          0x080001d2   Section        0  libinit2.o(.ARM.Collect$$libinit$$00000027)
    .ARM.Collect$$libinit$$0000002E          0x080001d2   Section        0  libinit2.o(.ARM.Collect$$libinit$$0000002E)
    .ARM.Collect$$libinit$$00000030          0x080001d2   Section        0  libinit2.o(.ARM.Collect$$libinit$$00000030)
    .ARM.Collect$$libinit$$00000032          0x080001d2   Section        0  libinit2.o(.ARM.Collect$$libinit$$00000032)
    .ARM.Collect$$libinit$$00000034          0x080001d2   Section        0  libinit2.o(.ARM.Collect$$libinit$$00000034)
    .ARM.Collect$$libinit$$00000035          0x080001d2   Section        2  libinit2.o(.ARM.Collect$$libinit$$00000035)
    .ARM.Collect$$libshutdown$$00000000      0x080001d4   Section        2  libshutdown.o(.ARM.Collect$$libshutdown$$00000000)
    .ARM.Collect$$libshutdown$$00000002      0x080001d6   Section        0  libshutdown2.o(.ARM.Collect$$libshutdown$$00000002)
    .ARM.Collect$$libshutdown$$00000004      0x080001d6   Section        0  libshutdown2.o(.ARM.Collect$$libshutdown$$00000004)
    .ARM.Collect$$libshutdown$$00000007      0x080001d6   Section        0  libshutdown2.o(.ARM.Collect$$libshutdown$$00000007)
    .ARM.Collect$$libshutdown$$0000000A      0x080001d6   Section        0  libshutdown2.o(.ARM.Collect$$libshutdown$$0000000A)
    .ARM.Collect$$libshutdown$$0000000C      0x080001d6   Section        0  libshutdown2.o(.ARM.Collect$$libshutdown$$0000000C)
    .ARM.Collect$$libshutdown$$0000000F      0x080001d6   Section        0  libshutdown2.o(.ARM.Collect$$libshutdown$$0000000F)
    .ARM.Collect$$libshutdown$$00000010      0x080001d6   Section        2  libshutdown2.o(.ARM.Collect$$libshutdown$$00000010)
    .ARM.Collect$$rtentry$$00000000          0x080001d8   Section        0  __rtentry.o(.ARM.Collect$$rtentry$$00000000)
    .ARM.Collect$$rtentry$$00000002          0x080001d8   Section        0  __rtentry2.o(.ARM.Collect$$rtentry$$00000002)
    .ARM.Collect$$rtentry$$00000004          0x080001d8   Section        6  __rtentry4.o(.ARM.Collect$$rtentry$$00000004)
    .ARM.Collect$$rtentry$$00000009          0x080001de   Section        0  __rtentry2.o(.ARM.Collect$$rtentry$$00000009)
    .ARM.Collect$$rtentry$$0000000A          0x080001de   Section        4  __rtentry2.o(.ARM.Collect$$rtentry$$0000000A)
    .ARM.Collect$$rtentry$$0000000C          0x080001e2   Section        0  __rtentry2.o(.ARM.Collect$$rtentry$$0000000C)
    .ARM.Collect$$rtentry$$0000000D          0x080001e2   Section        8  __rtentry2.o(.ARM.Collect$$rtentry$$0000000D)
    .ARM.Collect$$rtexit$$00000000           0x080001ea   Section        2  rtexit.o(.ARM.Collect$$rtexit$$00000000)
    .ARM.Collect$$rtexit$$00000002           0x080001ec   Section        0  rtexit2.o(.ARM.Collect$$rtexit$$00000002)
    .ARM.Collect$$rtexit$$00000003           0x080001ec   Section        4  rtexit2.o(.ARM.Collect$$rtexit$$00000003)
    .ARM.Collect$$rtexit$$00000004           0x080001f0   Section        6  rtexit2.o(.ARM.Collect$$rtexit$$00000004)
    .text                                    0x080001f8   Section       64  startup_stm32f103xe.o(.text)
    .text                                    0x08000238   Section       68  rt_memclr.o(.text)
    .text                                    0x0800027c   Section       78  rt_memclr_w.o(.text)
    .text                                    0x080002ca   Section        0  heapauxi.o(.text)
    .text                                    0x080002d0   Section       74  sys_stackheap_outer.o(.text)
    .text                                    0x0800031a   Section        0  exit.o(.text)
    .text                                    0x0800032c   Section        8  libspace.o(.text)
    .text                                    0x08000334   Section        0  sys_exit.o(.text)
    .text                                    0x08000340   Section        2  use_no_semi.o(.text)
    .text                                    0x08000342   Section        0  indicate_semi.o(.text)
    [Anonymous Symbol]                       0x08000344   Section        0  stm32f1xx_it.o(.text.BusFault_Handler)
    [Anonymous Symbol]                       0x08000348   Section        0  stm32f1xx_it.o(.text.DebugMon_Handler)
    [Anonymous Symbol]                       0x0800034c   Section        0  main.o(.text.Error_Handler)
    [Anonymous Symbol]                       0x08000358   Section        0  freertos_demo1.o(.text.FreeRTOS_Start)
    [Anonymous Symbol]                       0x080003b0   Section        0  stm32f1xx_hal_gpio.o(.text.HAL_GPIO_Init)
    [Anonymous Symbol]                       0x08000598   Section        0  stm32f1xx_hal_gpio.o(.text.HAL_GPIO_TogglePin)
    [Anonymous Symbol]                       0x080005a8   Section        0  stm32f1xx_hal_gpio.o(.text.HAL_GPIO_WritePin)
    [Anonymous Symbol]                       0x080005b4   Section        0  stm32f1xx_hal.o(.text.HAL_GetTick)
    [Anonymous Symbol]                       0x080005c0   Section        0  stm32f1xx_hal.o(.text.HAL_IncTick)
    [Anonymous Symbol]                       0x080005dc   Section        0  stm32f1xx_hal.o(.text.HAL_Init)
    [Anonymous Symbol]                       0x08000604   Section        0  stm32f1xx_hal_timebase_tim.o(.text.HAL_InitTick)
    [Anonymous Symbol]                       0x080006b8   Section        0  stm32f1xx_hal_msp.o(.text.HAL_MspInit)
    [Anonymous Symbol]                       0x080006fc   Section        0  stm32f1xx_hal_cortex.o(.text.HAL_NVIC_EnableIRQ)
    [Anonymous Symbol]                       0x08000720   Section        0  stm32f1xx_hal_cortex.o(.text.HAL_NVIC_SetPriority)
    [Anonymous Symbol]                       0x08000778   Section        0  stm32f1xx_hal_cortex.o(.text.HAL_NVIC_SetPriorityGrouping)
    [Anonymous Symbol]                       0x08000798   Section        0  stm32f1xx_hal_rcc.o(.text.HAL_RCC_ClockConfig)
    [Anonymous Symbol]                       0x08000954   Section        0  stm32f1xx_hal_rcc.o(.text.HAL_RCC_GetClockConfig)
    [Anonymous Symbol]                       0x08000998   Section        0  stm32f1xx_hal_rcc.o(.text.HAL_RCC_GetPCLK1Freq)
    [Anonymous Symbol]                       0x080009c0   Section        0  stm32f1xx_hal_rcc.o(.text.HAL_RCC_GetPCLK2Freq)
    [Anonymous Symbol]                       0x080009e8   Section        0  stm32f1xx_hal_rcc.o(.text.HAL_RCC_OscConfig)
    [Anonymous Symbol]                       0x08000de8   Section        0  stm32f1xx_hal_tim_ex.o(.text.HAL_TIMEx_BreakCallback)
    [Anonymous Symbol]                       0x08000dec   Section        0  stm32f1xx_hal_tim_ex.o(.text.HAL_TIMEx_CommutCallback)
    [Anonymous Symbol]                       0x08000df0   Section        0  stm32f1xx_hal_tim.o(.text.HAL_TIM_Base_Init)
    [Anonymous Symbol]                       0x08000e4c   Section        0  stm32f1xx_hal_tim.o(.text.HAL_TIM_Base_MspInit)
    [Anonymous Symbol]                       0x08000e50   Section        0  stm32f1xx_hal_tim.o(.text.HAL_TIM_Base_Start_IT)
    [Anonymous Symbol]                       0x08000ed8   Section        0  stm32f1xx_hal_tim.o(.text.HAL_TIM_IC_CaptureCallback)
    [Anonymous Symbol]                       0x08000edc   Section        0  stm32f1xx_hal_tim.o(.text.HAL_TIM_IRQHandler)
    [Anonymous Symbol]                       0x0800102c   Section        0  stm32f1xx_hal_tim.o(.text.HAL_TIM_OC_DelayElapsedCallback)
    [Anonymous Symbol]                       0x08001030   Section        0  stm32f1xx_hal_tim.o(.text.HAL_TIM_PWM_PulseFinishedCallback)
    [Anonymous Symbol]                       0x08001034   Section        0  main.o(.text.HAL_TIM_PeriodElapsedCallback)
    [Anonymous Symbol]                       0x08001048   Section        0  stm32f1xx_hal_tim.o(.text.HAL_TIM_TriggerCallback)
    [Anonymous Symbol]                       0x0800104c   Section        0  stm32f1xx_hal_uart.o(.text.HAL_UART_Init)
    [Anonymous Symbol]                       0x08001130   Section        0  usart.o(.text.HAL_UART_MspInit)
    [Anonymous Symbol]                       0x080011b0   Section        0  stm32f1xx_it.o(.text.HardFault_Handler)
    [Anonymous Symbol]                       0x080011b4   Section        0  int_led.o(.text.Int_LED_Toggle)
    [Anonymous Symbol]                       0x080011b8   Section        0  freertos_demo1.o(.text.LED_Task)
    [Anonymous Symbol]                       0x080011d0   Section        0  gpio.o(.text.MX_GPIO_Init)
    [Anonymous Symbol]                       0x080012b8   Section        0  usart.o(.text.MX_USART1_UART_Init)
    [Anonymous Symbol]                       0x080012f4   Section        0  stm32f1xx_it.o(.text.MemManage_Handler)
    [Anonymous Symbol]                       0x080012f8   Section        0  stm32f1xx_it.o(.text.NMI_Handler)
    [Anonymous Symbol]                       0x08001300   Section        0  port.o(.text.PendSV_Handler)
    pxCurrentTCBConst                        0x08001340   Number         0  port.o(.text.PendSV_Handler)
    [Anonymous Symbol]                       0x08001350   Section        0  port.o(.text.SVC_Handler)
    pxCurrentTCBConst2                       0x08001370   Number         0  port.o(.text.SVC_Handler)
    [Anonymous Symbol]                       0x08001374   Section        0  stm32f1xx_it.o(.text.SysTick_Handler)
    [Anonymous Symbol]                       0x08001388   Section        0  system_stm32f1xx.o(.text.SystemInit)
    [Anonymous Symbol]                       0x0800138c   Section        0  stm32f1xx_it.o(.text.TIM7_IRQHandler)
    [Anonymous Symbol]                       0x08001398   Section        0  stm32f1xx_hal_tim.o(.text.TIM_Base_SetConfig)
    [Anonymous Symbol]                       0x08001478   Section        0  stm32f1xx_it.o(.text.UsageFault_Handler)
    [Anonymous Symbol]                       0x0800147c   Section        0  main.o(.text.main)
    prvIdleTask                              0x080014ed   Thumb Code   100  tasks.o(.text.prvIdleTask)
    [Anonymous Symbol]                       0x080014ec   Section        0  tasks.o(.text.prvIdleTask)
    prvPortStartFirstTask                    0x08001551   Thumb Code    32  port.o(.text.prvPortStartFirstTask)
    [Anonymous Symbol]                       0x08001550   Section        0  port.o(.text.prvPortStartFirstTask)
    prvTaskExitError                         0x08001571   Thumb Code    46  port.o(.text.prvTaskExitError)
    [Anonymous Symbol]                       0x08001570   Section        0  port.o(.text.prvTaskExitError)
    [Anonymous Symbol]                       0x080015a0   Section        0  heap_4.o(.text.pvPortMalloc)
    [Anonymous Symbol]                       0x08001710   Section        0  port.o(.text.pxPortInitialiseStack)
    [Anonymous Symbol]                       0x08001730   Section        0  list.o(.text.uxListRemove)
    [Anonymous Symbol]                       0x08001750   Section        0  list.o(.text.vListInitialise)
    [Anonymous Symbol]                       0x08001768   Section        0  list.o(.text.vListInitialiseItem)
    [Anonymous Symbol]                       0x08001770   Section        0  list.o(.text.vListInsert)
    [Anonymous Symbol]                       0x080017d4   Section        0  port.o(.text.vPortEnterCritical)
    [Anonymous Symbol]                       0x080017f4   Section        0  port.o(.text.vPortExitCritical)
    [Anonymous Symbol]                       0x08001810   Section        0  heap_4.o(.text.vPortFree)
    [Anonymous Symbol]                       0x080018c8   Section        0  port.o(.text.vPortSetupTimerInterrupt)
    [Anonymous Symbol]                       0x080018e8   Section        0  tasks.o(.text.vTaskDelay)
    [Anonymous Symbol]                       0x08001984   Section        0  tasks.o(.text.vTaskStartScheduler)
    [Anonymous Symbol]                       0x080019ec   Section        0  tasks.o(.text.vTaskSuspendAll)
    __tagsym$$used.0                         0x080019fc   Number         0  tasks.o(.text.vTaskSwitchContext)
    [Anonymous Symbol]                       0x080019fc   Section        0  tasks.o(.text.vTaskSwitchContext)
    [Anonymous Symbol]                       0x08001a54   Section        0  port.o(.text.xPortStartScheduler)
    [Anonymous Symbol]                       0x08001ab8   Section        0  port.o(.text.xPortSysTickHandler)
    [Anonymous Symbol]                       0x08001ae8   Section        0  tasks.o(.text.xTaskCreate)
    [Anonymous Symbol]                       0x08001d0c   Section        0  tasks.o(.text.xTaskGetSchedulerState)
    [Anonymous Symbol]                       0x08001d2c   Section        0  tasks.o(.text.xTaskIncrementTick)
    [Anonymous Symbol]                       0x08001e90   Section        0  tasks.o(.text.xTaskResumeAll)
    HAL_RCC_GetSysClockFreq.aPredivFactorTable 0x08001fd0   Data           2  stm32f1xx_hal_rcc.o(.rodata.HAL_RCC_GetSysClockFreq.aPredivFactorTable)
    [Anonymous Symbol]                       0x08001fd0   Section        0  stm32f1xx_hal_rcc.o(.rodata.HAL_RCC_GetSysClockFreq.aPredivFactorTable)
    HAL_RCC_GetSysClockFreq.aPLLMULFactorTable 0x08001fd2   Data          16  stm32f1xx_hal_rcc.o(.rodata.cst16)
    [Anonymous Symbol]                       0x08001fd2   Section        0  stm32f1xx_hal_rcc.o(.rodata.cst16)
    uxTopUsedPriority                        0x08001fe4   Data           4  tasks.o(.rodata.uxTopUsedPriority)
    [Anonymous Symbol]                       0x08001fe4   Section        0  tasks.o(.rodata.uxTopUsedPriority)
    .L_MergedGlobals                         0x20000000   Data           8  stm32f1xx_hal.o(.data..L_MergedGlobals)
    [Anonymous Symbol]                       0x20000000   Section        0  stm32f1xx_hal.o(.data..L_MergedGlobals)
    .L_MergedGlobals                         0x20000008   Data          16  freertos_demo1.o(.data..L_MergedGlobals)
    [Anonymous Symbol]                       0x20000008   Section        0  freertos_demo1.o(.data..L_MergedGlobals)
    uxCriticalNesting                        0x2000001c   Data           4  port.o(.data.uxCriticalNesting)
    [Anonymous Symbol]                       0x2000001c   Section        0  port.o(.data.uxCriticalNesting)
    .bss                                     0x20000020   Section       96  libspace.o(.bss)
    .L_MergedGlobals                         0x20000080   Data          28  heap_4.o(.bss..L_MergedGlobals)
    pxEnd                                    0x20000080   Data           4  heap_4.o(.bss..L_MergedGlobals)
    [Anonymous Symbol]                       0x20000080   Section        0  heap_4.o(.bss..L_MergedGlobals)
    xFreeBytesRemaining                      0x20000084   Data           4  heap_4.o(.bss..L_MergedGlobals)
    xMinimumEverFreeBytesRemaining           0x20000088   Data           4  heap_4.o(.bss..L_MergedGlobals)
    xNumberOfSuccessfulAllocations           0x2000008c   Data           4  heap_4.o(.bss..L_MergedGlobals)
    xNumberOfSuccessfulFrees                 0x20000090   Data           4  heap_4.o(.bss..L_MergedGlobals)
    xStart                                   0x20000094   Data           8  heap_4.o(.bss..L_MergedGlobals)
    .L_MergedGlobals                         0x2000009c   Data         116  tasks.o(.bss..L_MergedGlobals)
    uxTopReadyPriority                       0x2000009c   Data           4  tasks.o(.bss..L_MergedGlobals)
    [Anonymous Symbol]                       0x2000009c   Section        0  tasks.o(.bss..L_MergedGlobals)
    uxTaskNumber                             0x200000a0   Data           4  tasks.o(.bss..L_MergedGlobals)
    xSchedulerRunning                        0x200000a4   Data           4  tasks.o(.bss..L_MergedGlobals)
    uxDeletedTasksWaitingCleanUp             0x200000a8   Data           4  tasks.o(.bss..L_MergedGlobals)
    uxCurrentNumberOfTasks                   0x200000ac   Data           4  tasks.o(.bss..L_MergedGlobals)
    xTickCount                               0x200000b0   Data           4  tasks.o(.bss..L_MergedGlobals)
    uxSchedulerSuspended                     0x200000b4   Data           4  tasks.o(.bss..L_MergedGlobals)
    xYieldPendings                           0x200000b8   Data           4  tasks.o(.bss..L_MergedGlobals)
    xNextTaskUnblockTime                     0x200000bc   Data           4  tasks.o(.bss..L_MergedGlobals)
    xIdleTaskHandles                         0x200000c0   Data           4  tasks.o(.bss..L_MergedGlobals)
    xPendedTicks                             0x200000c4   Data           4  tasks.o(.bss..L_MergedGlobals)
    pxDelayedTaskList                        0x200000c8   Data           4  tasks.o(.bss..L_MergedGlobals)
    pxOverflowDelayedTaskList                0x200000cc   Data           4  tasks.o(.bss..L_MergedGlobals)
    xNumOfOverflows                          0x200000d0   Data           4  tasks.o(.bss..L_MergedGlobals)
    xTasksWaitingTermination                 0x200000d4   Data          20  tasks.o(.bss..L_MergedGlobals)
    xSuspendedTaskList                       0x200000e8   Data          20  tasks.o(.bss..L_MergedGlobals)
    xPendingReadyList                        0x200000fc   Data          20  tasks.o(.bss..L_MergedGlobals)
    .L_MergedGlobals.2                       0x20000110   Data          40  tasks.o(.bss..L_MergedGlobals.2)
    xDelayedTaskList1                        0x20000110   Data          20  tasks.o(.bss..L_MergedGlobals.2)
    [Anonymous Symbol]                       0x20000110   Section        0  tasks.o(.bss..L_MergedGlobals.2)
    xDelayedTaskList2                        0x20000124   Data          20  tasks.o(.bss..L_MergedGlobals.2)
    __tagsym$$used.1                         0x200001c8   Number         0  tasks.o(.bss.pxCurrentTCB)
    pxReadyTasksLists                        0x200001cc   Data         100  tasks.o(.bss.pxReadyTasksLists)
    [Anonymous Symbol]                       0x200001cc   Section        0  tasks.o(.bss.pxReadyTasksLists)
    ucHeap                                   0x20000230   Data       17408  heap_4.o(.bss.ucHeap)
    [Anonymous Symbol]                       0x20000230   Section        0  heap_4.o(.bss.ucHeap)
    Heap_Mem                                 0x20004638   Data         512  startup_stm32f103xe.o(HEAP)
    HEAP                                     0x20004638   Section      512  startup_stm32f103xe.o(HEAP)
    Stack_Mem                                0x20004838   Data        1024  startup_stm32f103xe.o(STACK)
    STACK                                    0x20004838   Section     1024  startup_stm32f103xe.o(STACK)
    __initial_sp                             0x20004c38   Data           0  startup_stm32f103xe.o(STACK)

    Global Symbols

    Symbol Name                              Value     Ov Type        Size  Object(Section)

    BuildAttributes$$THM_ISAv4$P$D$K$B$S$PE$A:L22UL41UL21$X:L11$S22US41US21$IEEE1$IW$~IW$USESV6$~STKCKD$USESV7$~SHL$OTIME$ROPI$EBA8$UX$STANDARDLIB$REQ8$PRES8$EABIv2 0x00000000   Number         0  anon$$obj.o ABSOLUTE
    __fp_init_empty                          0x00000000   Number         0  fpinit_empty.o ABSOLUTE
    __ARM_exceptions_init                     - Undefined Weak Reference
    __alloca_initialize                       - Undefined Weak Reference
    __arm_preinit_                            - Undefined Weak Reference
    __arm_relocate_pie_                       - Undefined Weak Reference
    __cpp_initialize__aeabi_                  - Undefined Weak Reference
    __cxa_finalize                            - Undefined Weak Reference
    __rt_locale                               - Undefined Weak Reference
    __sigvec_lookup                           - Undefined Weak Reference
    _atexit_init                              - Undefined Weak Reference
    _call_atexit_fns                          - Undefined Weak Reference
    _clock_init                               - Undefined Weak Reference
    _fp_trap_init                             - Undefined Weak Reference
    _fp_trap_shutdown                         - Undefined Weak Reference
    _get_lc_collate                           - Undefined Weak Reference
    _get_lc_ctype                             - Undefined Weak Reference
    _get_lc_monetary                          - Undefined Weak Reference
    _get_lc_numeric                           - Undefined Weak Reference
    _get_lc_time                              - Undefined Weak Reference
    _getenv_init                              - Undefined Weak Reference
    _handle_redirection                       - Undefined Weak Reference
    _init_alloc                               - Undefined Weak Reference
    _init_user_alloc                          - Undefined Weak Reference
    _initio                                   - Undefined Weak Reference
    _rand_init                                - Undefined Weak Reference
    _signal_finish                            - Undefined Weak Reference
    _signal_init                              - Undefined Weak Reference
    _terminate_alloc                          - Undefined Weak Reference
    _terminate_user_alloc                     - Undefined Weak Reference
    _terminateio                              - Undefined Weak Reference
    __Vectors_Size                           0x00000130   Number         0  startup_stm32f103xe.o ABSOLUTE
    __Vectors                                0x08000000   Data           4  startup_stm32f103xe.o(RESET)
    __Vectors_End                            0x08000130   Data           0  startup_stm32f103xe.o(RESET)
    __main                                   0x08000131   Thumb Code     8  __main.o(!!!main)
    __scatterload                            0x08000139   Thumb Code     0  __scatter.o(!!!scatter)
    __scatterload_rt2                        0x08000139   Thumb Code    84  __scatter.o(!!!scatter)
    __scatterload_rt2_thumb_only             0x08000139   Thumb Code     0  __scatter.o(!!!scatter)
    __scatterload_loop                       0x08000143   Thumb Code     0  __scatter.o(!!!scatter)
    __scatterload_copy                       0x08000195   Thumb Code    26  __scatter_copy.o(!!handler_copy)
    __scatterload_null                       0x080001b1   Thumb Code     2  __scatter.o(!!handler_null)
    __scatterload_zeroinit                   0x080001b5   Thumb Code    28  __scatter_zi.o(!!handler_zi)
    __rt_lib_init                            0x080001d1   Thumb Code     0  libinit.o(.ARM.Collect$$libinit$$00000000)
    __rt_lib_init_alloca_1                   0x080001d3   Thumb Code     0  libinit2.o(.ARM.Collect$$libinit$$00000030)
    __rt_lib_init_argv_1                     0x080001d3   Thumb Code     0  libinit2.o(.ARM.Collect$$libinit$$0000002E)
    __rt_lib_init_atexit_1                   0x080001d3   Thumb Code     0  libinit2.o(.ARM.Collect$$libinit$$0000001D)
    __rt_lib_init_clock_1                    0x080001d3   Thumb Code     0  libinit2.o(.ARM.Collect$$libinit$$00000023)
    __rt_lib_init_cpp_1                      0x080001d3   Thumb Code     0  libinit2.o(.ARM.Collect$$libinit$$00000034)
    __rt_lib_init_exceptions_1               0x080001d3   Thumb Code     0  libinit2.o(.ARM.Collect$$libinit$$00000032)
    __rt_lib_init_fp_1                       0x080001d3   Thumb Code     0  libinit2.o(.ARM.Collect$$libinit$$00000002)
    __rt_lib_init_fp_trap_1                  0x080001d3   Thumb Code     0  libinit2.o(.ARM.Collect$$libinit$$00000021)
    __rt_lib_init_getenv_1                   0x080001d3   Thumb Code     0  libinit2.o(.ARM.Collect$$libinit$$00000025)
    __rt_lib_init_heap_1                     0x080001d3   Thumb Code     0  libinit2.o(.ARM.Collect$$libinit$$0000000C)
    __rt_lib_init_lc_collate_1               0x080001d3   Thumb Code     0  libinit2.o(.ARM.Collect$$libinit$$00000013)
    __rt_lib_init_lc_ctype_1                 0x080001d3   Thumb Code     0  libinit2.o(.ARM.Collect$$libinit$$00000015)
    __rt_lib_init_lc_monetary_1              0x080001d3   Thumb Code     0  libinit2.o(.ARM.Collect$$libinit$$00000017)
    __rt_lib_init_lc_numeric_1               0x080001d3   Thumb Code     0  libinit2.o(.ARM.Collect$$libinit$$00000019)
    __rt_lib_init_lc_time_1                  0x080001d3   Thumb Code     0  libinit2.o(.ARM.Collect$$libinit$$0000001B)
    __rt_lib_init_preinit_1                  0x080001d3   Thumb Code     0  libinit2.o(.ARM.Collect$$libinit$$00000006)
    __rt_lib_init_rand_1                     0x080001d3   Thumb Code     0  libinit2.o(.ARM.Collect$$libinit$$00000010)
    __rt_lib_init_relocate_pie_1             0x080001d3   Thumb Code     0  libinit2.o(.ARM.Collect$$libinit$$00000004)
    __rt_lib_init_return                     0x080001d3   Thumb Code     0  libinit2.o(.ARM.Collect$$libinit$$00000035)
    __rt_lib_init_signal_1                   0x080001d3   Thumb Code     0  libinit2.o(.ARM.Collect$$libinit$$0000001F)
    __rt_lib_init_stdio_1                    0x080001d3   Thumb Code     0  libinit2.o(.ARM.Collect$$libinit$$00000027)
    __rt_lib_init_user_alloc_1               0x080001d3   Thumb Code     0  libinit2.o(.ARM.Collect$$libinit$$0000000E)
    __rt_lib_shutdown                        0x080001d5   Thumb Code     0  libshutdown.o(.ARM.Collect$$libshutdown$$00000000)
    __rt_lib_shutdown_cpp_1                  0x080001d7   Thumb Code     0  libshutdown2.o(.ARM.Collect$$libshutdown$$00000002)
    __rt_lib_shutdown_fp_trap_1              0x080001d7   Thumb Code     0  libshutdown2.o(.ARM.Collect$$libshutdown$$00000007)
    __rt_lib_shutdown_heap_1                 0x080001d7   Thumb Code     0  libshutdown2.o(.ARM.Collect$$libshutdown$$0000000F)
    __rt_lib_shutdown_return                 0x080001d7   Thumb Code     0  libshutdown2.o(.ARM.Collect$$libshutdown$$00000010)
    __rt_lib_shutdown_signal_1               0x080001d7   Thumb Code     0  libshutdown2.o(.ARM.Collect$$libshutdown$$0000000A)
    __rt_lib_shutdown_stdio_1                0x080001d7   Thumb Code     0  libshutdown2.o(.ARM.Collect$$libshutdown$$00000004)
    __rt_lib_shutdown_user_alloc_1           0x080001d7   Thumb Code     0  libshutdown2.o(.ARM.Collect$$libshutdown$$0000000C)
    __rt_entry                               0x080001d9   Thumb Code     0  __rtentry.o(.ARM.Collect$$rtentry$$00000000)
    __rt_entry_presh_1                       0x080001d9   Thumb Code     0  __rtentry2.o(.ARM.Collect$$rtentry$$00000002)
    __rt_entry_sh                            0x080001d9   Thumb Code     0  __rtentry4.o(.ARM.Collect$$rtentry$$00000004)
    __rt_entry_li                            0x080001df   Thumb Code     0  __rtentry2.o(.ARM.Collect$$rtentry$$0000000A)
    __rt_entry_postsh_1                      0x080001df   Thumb Code     0  __rtentry2.o(.ARM.Collect$$rtentry$$00000009)
    __rt_entry_main                          0x080001e3   Thumb Code     0  __rtentry2.o(.ARM.Collect$$rtentry$$0000000D)
    __rt_entry_postli_1                      0x080001e3   Thumb Code     0  __rtentry2.o(.ARM.Collect$$rtentry$$0000000C)
    __rt_exit                                0x080001eb   Thumb Code     0  rtexit.o(.ARM.Collect$$rtexit$$00000000)
    __rt_exit_ls                             0x080001ed   Thumb Code     0  rtexit2.o(.ARM.Collect$$rtexit$$00000003)
    __rt_exit_prels_1                        0x080001ed   Thumb Code     0  rtexit2.o(.ARM.Collect$$rtexit$$00000002)
    __rt_exit_exit                           0x080001f1   Thumb Code     0  rtexit2.o(.ARM.Collect$$rtexit$$00000004)
    Reset_Handler                            0x080001f9   Thumb Code     8  startup_stm32f103xe.o(.text)
    ADC1_2_IRQHandler                        0x08000213   Thumb Code     0  startup_stm32f103xe.o(.text)
    ADC3_IRQHandler                          0x08000213   Thumb Code     0  startup_stm32f103xe.o(.text)
    CAN1_RX1_IRQHandler                      0x08000213   Thumb Code     0  startup_stm32f103xe.o(.text)
    CAN1_SCE_IRQHandler                      0x08000213   Thumb Code     0  startup_stm32f103xe.o(.text)
    DMA1_Channel1_IRQHandler                 0x08000213   Thumb Code     0  startup_stm32f103xe.o(.text)
    DMA1_Channel2_IRQHandler                 0x08000213   Thumb Code     0  startup_stm32f103xe.o(.text)
    DMA1_Channel3_IRQHandler                 0x08000213   Thumb Code     0  startup_stm32f103xe.o(.text)
    DMA1_Channel4_IRQHandler                 0x08000213   Thumb Code     0  startup_stm32f103xe.o(.text)
    DMA1_Channel5_IRQHandler                 0x08000213   Thumb Code     0  startup_stm32f103xe.o(.text)
    DMA1_Channel6_IRQHandler                 0x08000213   Thumb Code     0  startup_stm32f103xe.o(.text)
    DMA1_Channel7_IRQHandler                 0x08000213   Thumb Code     0  startup_stm32f103xe.o(.text)
    DMA2_Channel1_IRQHandler                 0x08000213   Thumb Code     0  startup_stm32f103xe.o(.text)
    DMA2_Channel2_IRQHandler                 0x08000213   Thumb Code     0  startup_stm32f103xe.o(.text)
    DMA2_Channel3_IRQHandler                 0x08000213   Thumb Code     0  startup_stm32f103xe.o(.text)
    DMA2_Channel4_5_IRQHandler               0x08000213   Thumb Code     0  startup_stm32f103xe.o(.text)
    EXTI0_IRQHandler                         0x08000213   Thumb Code     0  startup_stm32f103xe.o(.text)
    EXTI15_10_IRQHandler                     0x08000213   Thumb Code     0  startup_stm32f103xe.o(.text)
    EXTI1_IRQHandler                         0x08000213   Thumb Code     0  startup_stm32f103xe.o(.text)
    EXTI2_IRQHandler                         0x08000213   Thumb Code     0  startup_stm32f103xe.o(.text)
    EXTI3_IRQHandler                         0x08000213   Thumb Code     0  startup_stm32f103xe.o(.text)
    EXTI4_IRQHandler                         0x08000213   Thumb Code     0  startup_stm32f103xe.o(.text)
    EXTI9_5_IRQHandler                       0x08000213   Thumb Code     0  startup_stm32f103xe.o(.text)
    FLASH_IRQHandler                         0x08000213   Thumb Code     0  startup_stm32f103xe.o(.text)
    FSMC_IRQHandler                          0x08000213   Thumb Code     0  startup_stm32f103xe.o(.text)
    I2C1_ER_IRQHandler                       0x08000213   Thumb Code     0  startup_stm32f103xe.o(.text)
    I2C1_EV_IRQHandler                       0x08000213   Thumb Code     0  startup_stm32f103xe.o(.text)
    I2C2_ER_IRQHandler                       0x08000213   Thumb Code     0  startup_stm32f103xe.o(.text)
    I2C2_EV_IRQHandler                       0x08000213   Thumb Code     0  startup_stm32f103xe.o(.text)
    PVD_IRQHandler                           0x08000213   Thumb Code     0  startup_stm32f103xe.o(.text)
    RCC_IRQHandler                           0x08000213   Thumb Code     0  startup_stm32f103xe.o(.text)
    RTC_Alarm_IRQHandler                     0x08000213   Thumb Code     0  startup_stm32f103xe.o(.text)
    RTC_IRQHandler                           0x08000213   Thumb Code     0  startup_stm32f103xe.o(.text)
    SDIO_IRQHandler                          0x08000213   Thumb Code     0  startup_stm32f103xe.o(.text)
    SPI1_IRQHandler                          0x08000213   Thumb Code     0  startup_stm32f103xe.o(.text)
    SPI2_IRQHandler                          0x08000213   Thumb Code     0  startup_stm32f103xe.o(.text)
    SPI3_IRQHandler                          0x08000213   Thumb Code     0  startup_stm32f103xe.o(.text)
    TAMPER_IRQHandler                        0x08000213   Thumb Code     0  startup_stm32f103xe.o(.text)
    TIM1_BRK_IRQHandler                      0x08000213   Thumb Code     0  startup_stm32f103xe.o(.text)
    TIM1_CC_IRQHandler                       0x08000213   Thumb Code     0  startup_stm32f103xe.o(.text)
    TIM1_TRG_COM_IRQHandler                  0x08000213   Thumb Code     0  startup_stm32f103xe.o(.text)
    TIM1_UP_IRQHandler                       0x08000213   Thumb Code     0  startup_stm32f103xe.o(.text)
    TIM2_IRQHandler                          0x08000213   Thumb Code     0  startup_stm32f103xe.o(.text)
    TIM3_IRQHandler                          0x08000213   Thumb Code     0  startup_stm32f103xe.o(.text)
    TIM4_IRQHandler                          0x08000213   Thumb Code     0  startup_stm32f103xe.o(.text)
    TIM5_IRQHandler                          0x08000213   Thumb Code     0  startup_stm32f103xe.o(.text)
    TIM6_IRQHandler                          0x08000213   Thumb Code     0  startup_stm32f103xe.o(.text)
    TIM8_BRK_IRQHandler                      0x08000213   Thumb Code     0  startup_stm32f103xe.o(.text)
    TIM8_CC_IRQHandler                       0x08000213   Thumb Code     0  startup_stm32f103xe.o(.text)
    TIM8_TRG_COM_IRQHandler                  0x08000213   Thumb Code     0  startup_stm32f103xe.o(.text)
    TIM8_UP_IRQHandler                       0x08000213   Thumb Code     0  startup_stm32f103xe.o(.text)
    UART4_IRQHandler                         0x08000213   Thumb Code     0  startup_stm32f103xe.o(.text)
    UART5_IRQHandler                         0x08000213   Thumb Code     0  startup_stm32f103xe.o(.text)
    USART1_IRQHandler                        0x08000213   Thumb Code     0  startup_stm32f103xe.o(.text)
    USART2_IRQHandler                        0x08000213   Thumb Code     0  startup_stm32f103xe.o(.text)
    USART3_IRQHandler                        0x08000213   Thumb Code     0  startup_stm32f103xe.o(.text)
    USBWakeUp_IRQHandler                     0x08000213   Thumb Code     0  startup_stm32f103xe.o(.text)
    USB_HP_CAN1_TX_IRQHandler                0x08000213   Thumb Code     0  startup_stm32f103xe.o(.text)
    USB_LP_CAN1_RX0_IRQHandler               0x08000213   Thumb Code     0  startup_stm32f103xe.o(.text)
    WWDG_IRQHandler                          0x08000213   Thumb Code     0  startup_stm32f103xe.o(.text)
    __user_initial_stackheap                 0x08000215   Thumb Code     0  startup_stm32f103xe.o(.text)
    __aeabi_memclr                           0x08000239   Thumb Code     0  rt_memclr.o(.text)
    __rt_memclr                              0x08000239   Thumb Code     0  rt_memclr.o(.text)
    _memset                                  0x0800023d   Thumb Code    64  rt_memclr.o(.text)
    __aeabi_memclr4                          0x0800027d   Thumb Code     0  rt_memclr_w.o(.text)
    __aeabi_memclr8                          0x0800027d   Thumb Code     0  rt_memclr_w.o(.text)
    __rt_memclr_w                            0x0800027d   Thumb Code     0  rt_memclr_w.o(.text)
    _memset_w                                0x08000281   Thumb Code    74  rt_memclr_w.o(.text)
    __use_two_region_memory                  0x080002cb   Thumb Code     2  heapauxi.o(.text)
    __rt_heap_escrow$2region                 0x080002cd   Thumb Code     2  heapauxi.o(.text)
    __rt_heap_expand$2region                 0x080002cf   Thumb Code     2  heapauxi.o(.text)
    __user_setup_stackheap                   0x080002d1   Thumb Code    74  sys_stackheap_outer.o(.text)
    exit                                     0x0800031b   Thumb Code    18  exit.o(.text)
    __user_libspace                          0x0800032d   Thumb Code     8  libspace.o(.text)
    __user_perproc_libspace                  0x0800032d   Thumb Code     0  libspace.o(.text)
    __user_perthread_libspace                0x0800032d   Thumb Code     0  libspace.o(.text)
    _sys_exit                                0x08000335   Thumb Code     8  sys_exit.o(.text)
    __I$use$semihosting                      0x08000341   Thumb Code     0  use_no_semi.o(.text)
    __use_no_semihosting_swi                 0x08000341   Thumb Code     2  use_no_semi.o(.text)
    __semihosting_library_function           0x08000343   Thumb Code     0  indicate_semi.o(.text)
    BusFault_Handler                         0x08000345   Thumb Code     2  stm32f1xx_it.o(.text.BusFault_Handler)
    DebugMon_Handler                         0x08000349   Thumb Code     2  stm32f1xx_it.o(.text.DebugMon_Handler)
    Error_Handler                            0x0800034d   Thumb Code    10  main.o(.text.Error_Handler)
    FreeRTOS_Start                           0x08000359   Thumb Code    72  freertos_demo1.o(.text.FreeRTOS_Start)
    HAL_GPIO_Init                            0x080003b1   Thumb Code   486  stm32f1xx_hal_gpio.o(.text.HAL_GPIO_Init)
    HAL_GPIO_TogglePin                       0x08000599   Thumb Code    16  stm32f1xx_hal_gpio.o(.text.HAL_GPIO_TogglePin)
    HAL_GPIO_WritePin                        0x080005a9   Thumb Code    10  stm32f1xx_hal_gpio.o(.text.HAL_GPIO_WritePin)
    HAL_GetTick                              0x080005b5   Thumb Code    12  stm32f1xx_hal.o(.text.HAL_GetTick)
    HAL_IncTick                              0x080005c1   Thumb Code    26  stm32f1xx_hal.o(.text.HAL_IncTick)
    HAL_Init                                 0x080005dd   Thumb Code    38  stm32f1xx_hal.o(.text.HAL_Init)
    HAL_InitTick                             0x08000605   Thumb Code   178  stm32f1xx_hal_timebase_tim.o(.text.HAL_InitTick)
    HAL_MspInit                              0x080006b9   Thumb Code    66  stm32f1xx_hal_msp.o(.text.HAL_MspInit)
    HAL_NVIC_EnableIRQ                       0x080006fd   Thumb Code    34  stm32f1xx_hal_cortex.o(.text.HAL_NVIC_EnableIRQ)
    HAL_NVIC_SetPriority                     0x08000721   Thumb Code    86  stm32f1xx_hal_cortex.o(.text.HAL_NVIC_SetPriority)
    HAL_NVIC_SetPriorityGrouping             0x08000779   Thumb Code    32  stm32f1xx_hal_cortex.o(.text.HAL_NVIC_SetPriorityGrouping)
    HAL_RCC_ClockConfig                      0x08000799   Thumb Code   442  stm32f1xx_hal_rcc.o(.text.HAL_RCC_ClockConfig)
    HAL_RCC_GetClockConfig                   0x08000955   Thumb Code    66  stm32f1xx_hal_rcc.o(.text.HAL_RCC_GetClockConfig)
    HAL_RCC_GetPCLK1Freq                     0x08000999   Thumb Code    38  stm32f1xx_hal_rcc.o(.text.HAL_RCC_GetPCLK1Freq)
    HAL_RCC_GetPCLK2Freq                     0x080009c1   Thumb Code    38  stm32f1xx_hal_rcc.o(.text.HAL_RCC_GetPCLK2Freq)
    HAL_RCC_OscConfig                        0x080009e9   Thumb Code  1024  stm32f1xx_hal_rcc.o(.text.HAL_RCC_OscConfig)
    HAL_TIMEx_BreakCallback                  0x08000de9   Thumb Code     2  stm32f1xx_hal_tim_ex.o(.text.HAL_TIMEx_BreakCallback)
    HAL_TIMEx_CommutCallback                 0x08000ded   Thumb Code     2  stm32f1xx_hal_tim_ex.o(.text.HAL_TIMEx_CommutCallback)
    HAL_TIM_Base_Init                        0x08000df1   Thumb Code    90  stm32f1xx_hal_tim.o(.text.HAL_TIM_Base_Init)
    HAL_TIM_Base_MspInit                     0x08000e4d   Thumb Code     2  stm32f1xx_hal_tim.o(.text.HAL_TIM_Base_MspInit)
    HAL_TIM_Base_Start_IT                    0x08000e51   Thumb Code   134  stm32f1xx_hal_tim.o(.text.HAL_TIM_Base_Start_IT)
    HAL_TIM_IC_CaptureCallback               0x08000ed9   Thumb Code     2  stm32f1xx_hal_tim.o(.text.HAL_TIM_IC_CaptureCallback)
    HAL_TIM_IRQHandler                       0x08000edd   Thumb Code   334  stm32f1xx_hal_tim.o(.text.HAL_TIM_IRQHandler)
    HAL_TIM_OC_DelayElapsedCallback          0x0800102d   Thumb Code     2  stm32f1xx_hal_tim.o(.text.HAL_TIM_OC_DelayElapsedCallback)
    HAL_TIM_PWM_PulseFinishedCallback        0x08001031   Thumb Code     2  stm32f1xx_hal_tim.o(.text.HAL_TIM_PWM_PulseFinishedCallback)
    HAL_TIM_PeriodElapsedCallback            0x08001035   Thumb Code    20  main.o(.text.HAL_TIM_PeriodElapsedCallback)
    HAL_TIM_TriggerCallback                  0x08001049   Thumb Code     2  stm32f1xx_hal_tim.o(.text.HAL_TIM_TriggerCallback)
    HAL_UART_Init                            0x0800104d   Thumb Code   226  stm32f1xx_hal_uart.o(.text.HAL_UART_Init)
    HAL_UART_MspInit                         0x08001131   Thumb Code   126  usart.o(.text.HAL_UART_MspInit)
    HardFault_Handler                        0x080011b1   Thumb Code     2  stm32f1xx_it.o(.text.HardFault_Handler)
    Int_LED_Toggle                           0x080011b5   Thumb Code     4  int_led.o(.text.Int_LED_Toggle)
    LED_Task                                 0x080011b9   Thumb Code    22  freertos_demo1.o(.text.LED_Task)
    MX_GPIO_Init                             0x080011d1   Thumb Code   232  gpio.o(.text.MX_GPIO_Init)
    MX_USART1_UART_Init                      0x080012b9   Thumb Code    60  usart.o(.text.MX_USART1_UART_Init)
    MemManage_Handler                        0x080012f5   Thumb Code     2  stm32f1xx_it.o(.text.MemManage_Handler)
    NMI_Handler                              0x080012f9   Thumb Code     2  stm32f1xx_it.o(.text.NMI_Handler)
    PendSV_Handler                           0x08001301   Thumb Code    68  port.o(.text.PendSV_Handler)
    SVC_Handler                              0x08001351   Thumb Code    36  port.o(.text.SVC_Handler)
    SysTick_Handler                          0x08001375   Thumb Code    20  stm32f1xx_it.o(.text.SysTick_Handler)
    SystemInit                               0x08001389   Thumb Code     2  system_stm32f1xx.o(.text.SystemInit)
    TIM7_IRQHandler                          0x0800138d   Thumb Code    12  stm32f1xx_it.o(.text.TIM7_IRQHandler)
    TIM_Base_SetConfig                       0x08001399   Thumb Code   224  stm32f1xx_hal_tim.o(.text.TIM_Base_SetConfig)
    UsageFault_Handler                       0x08001479   Thumb Code     2  stm32f1xx_it.o(.text.UsageFault_Handler)
    main                                     0x0800147d   Thumb Code   110  main.o(.text.main)
    pvPortMalloc                             0x080015a1   Thumb Code   366  heap_4.o(.text.pvPortMalloc)
    pxPortInitialiseStack                    0x08001711   Thumb Code    32  port.o(.text.pxPortInitialiseStack)
    uxListRemove                             0x08001731   Thumb Code    32  list.o(.text.uxListRemove)
    vListInitialise                          0x08001751   Thumb Code    22  list.o(.text.vListInitialise)
    vListInitialiseItem                      0x08001769   Thumb Code     6  list.o(.text.vListInitialiseItem)
    vListInsert                              0x08001771   Thumb Code    98  list.o(.text.vListInsert)
    vPortEnterCritical                       0x080017d5   Thumb Code    32  port.o(.text.vPortEnterCritical)
    vPortExitCritical                        0x080017f5   Thumb Code    26  port.o(.text.vPortExitCritical)
    vPortFree                                0x08001811   Thumb Code   184  heap_4.o(.text.vPortFree)
    vPortSetupTimerInterrupt                 0x080018c9   Thumb Code    30  port.o(.text.vPortSetupTimerInterrupt)
    vTaskDelay                               0x080018e9   Thumb Code   156  tasks.o(.text.vTaskDelay)
    vTaskStartScheduler                      0x08001985   Thumb Code   104  tasks.o(.text.vTaskStartScheduler)
    vTaskSuspendAll                          0x080019ed   Thumb Code    16  tasks.o(.text.vTaskSuspendAll)
    vTaskSwitchContext                       0x080019fd   Thumb Code    86  tasks.o(.text.vTaskSwitchContext)
    xPortStartScheduler                      0x08001a55   Thumb Code   100  port.o(.text.xPortStartScheduler)
    xPortSysTickHandler                      0x08001ab9   Thumb Code    46  port.o(.text.xPortSysTickHandler)
    xTaskCreate                              0x08001ae9   Thumb Code   548  tasks.o(.text.xTaskCreate)
    xTaskGetSchedulerState                   0x08001d0d   Thumb Code    30  tasks.o(.text.xTaskGetSchedulerState)
    xTaskIncrementTick                       0x08001d2d   Thumb Code   354  tasks.o(.text.xTaskIncrementTick)
    xTaskResumeAll                           0x08001e91   Thumb Code   296  tasks.o(.text.xTaskResumeAll)
    AHBPrescTable                            0x08001fb8   Data          16  system_stm32f1xx.o(.rodata.AHBPrescTable)
    APBPrescTable                            0x08001fc8   Data           8  system_stm32f1xx.o(.rodata.APBPrescTable)
    Region$$Table$$Base                      0x08001fe8   Number         0  anon$$obj.o(Region$$Table)
    Region$$Table$$Limit                     0x08002008   Number         0  anon$$obj.o(Region$$Table)
    uwTickFreq                               0x20000000   Data           1  stm32f1xx_hal.o(.data..L_MergedGlobals)
    uwTickPrio                               0x20000004   Data           4  stm32f1xx_hal.o(.data..L_MergedGlobals)
    led1_config                              0x20000008   Data           8  freertos_demo1.o(.data..L_MergedGlobals)
    led2_config                              0x20000010   Data           8  freertos_demo1.o(.data..L_MergedGlobals)
    SystemCoreClock                          0x20000018   Data           4  system_stm32f1xx.o(.data.SystemCoreClock)
    __libspace_start                         0x20000020   Data          96  libspace.o(.bss)
    __temporary_stack_top$libspace           0x20000080   Data           0  libspace.o(.bss)
    htim7                                    0x20000138   Data          72  stm32f1xx_hal_timebase_tim.o(.bss.htim7)
    huart1                                   0x20000180   Data          72  usart.o(.bss.huart1)
    pxCurrentTCB                             0x200001c8   Data           4  tasks.o(.bss.pxCurrentTCB)
    uwTick                                   0x20004630   Data           4  stm32f1xx_hal.o(.bss.uwTick)



==============================================================================

Memory Map of the image

  Image Entry point : 0x08000131

  Load Region LR_IROM1 (Base: 0x08000000, Size: 0x00002028, Max: 0x00080000, ABSOLUTE)

    Execution Region ER_IROM1 (Exec base: 0x08000000, Load base: 0x08000000, Size: 0x00002008, Max: 0x00080000, ABSOLUTE)

    Exec Addr    Load Addr    Size         Type   Attr      Idx    E Section Name        Object

    0x08000000   0x08000000   0x00000130   Data   RO            3    RESET               startup_stm32f103xe.o
    0x08000130   0x08000130   0x00000008   Code   RO         1238  * !!!main             c_w.l(__main.o)
    0x08000138   0x08000138   0x0000005c   Code   RO         1405    !!!scatter          c_w.l(__scatter.o)
    0x08000194   0x08000194   0x0000001a   Code   RO         1409    !!handler_copy      c_w.l(__scatter_copy.o)
    0x080001ae   0x080001ae   0x00000002   PAD
    0x080001b0   0x080001b0   0x00000002   Code   RO         1406    !!handler_null      c_w.l(__scatter.o)
    0x080001b2   0x080001b2   0x00000002   PAD
    0x080001b4   0x080001b4   0x0000001c   Code   RO         1411    !!handler_zi        c_w.l(__scatter_zi.o)
    0x080001d0   0x080001d0   0x00000002   Code   RO         1267    .ARM.Collect$$libinit$$00000000  c_w.l(libinit.o)
    0x080001d2   0x080001d2   0x00000000   Code   RO         1274    .ARM.Collect$$libinit$$00000002  c_w.l(libinit2.o)
    0x080001d2   0x080001d2   0x00000000   Code   RO         1276    .ARM.Collect$$libinit$$00000004  c_w.l(libinit2.o)
    0x080001d2   0x080001d2   0x00000000   Code   RO         1278    .ARM.Collect$$libinit$$00000006  c_w.l(libinit2.o)
    0x080001d2   0x080001d2   0x00000000   Code   RO         1281    .ARM.Collect$$libinit$$0000000C  c_w.l(libinit2.o)
    0x080001d2   0x080001d2   0x00000000   Code   RO         1283    .ARM.Collect$$libinit$$0000000E  c_w.l(libinit2.o)
    0x080001d2   0x080001d2   0x00000000   Code   RO         1285    .ARM.Collect$$libinit$$00000010  c_w.l(libinit2.o)
    0x080001d2   0x080001d2   0x00000000   Code   RO         1288    .ARM.Collect$$libinit$$00000013  c_w.l(libinit2.o)
    0x080001d2   0x080001d2   0x00000000   Code   RO         1290    .ARM.Collect$$libinit$$00000015  c_w.l(libinit2.o)
    0x080001d2   0x080001d2   0x00000000   Code   RO         1292    .ARM.Collect$$libinit$$00000017  c_w.l(libinit2.o)
    0x080001d2   0x080001d2   0x00000000   Code   RO         1294    .ARM.Collect$$libinit$$00000019  c_w.l(libinit2.o)
    0x080001d2   0x080001d2   0x00000000   Code   RO         1296    .ARM.Collect$$libinit$$0000001B  c_w.l(libinit2.o)
    0x080001d2   0x080001d2   0x00000000   Code   RO         1298    .ARM.Collect$$libinit$$0000001D  c_w.l(libinit2.o)
    0x080001d2   0x080001d2   0x00000000   Code   RO         1300    .ARM.Collect$$libinit$$0000001F  c_w.l(libinit2.o)
    0x080001d2   0x080001d2   0x00000000   Code   RO         1302    .ARM.Collect$$libinit$$00000021  c_w.l(libinit2.o)
    0x080001d2   0x080001d2   0x00000000   Code   RO         1304    .ARM.Collect$$libinit$$00000023  c_w.l(libinit2.o)
    0x080001d2   0x080001d2   0x00000000   Code   RO         1306    .ARM.Collect$$libinit$$00000025  c_w.l(libinit2.o)
    0x080001d2   0x080001d2   0x00000000   Code   RO         1308    .ARM.Collect$$libinit$$00000027  c_w.l(libinit2.o)
    0x080001d2   0x080001d2   0x00000000   Code   RO         1312    .ARM.Collect$$libinit$$0000002E  c_w.l(libinit2.o)
    0x080001d2   0x080001d2   0x00000000   Code   RO         1314    .ARM.Collect$$libinit$$00000030  c_w.l(libinit2.o)
    0x080001d2   0x080001d2   0x00000000   Code   RO         1316    .ARM.Collect$$libinit$$00000032  c_w.l(libinit2.o)
    0x080001d2   0x080001d2   0x00000000   Code   RO         1318    .ARM.Collect$$libinit$$00000034  c_w.l(libinit2.o)
    0x080001d2   0x080001d2   0x00000002   Code   RO         1319    .ARM.Collect$$libinit$$00000035  c_w.l(libinit2.o)
    0x080001d4   0x080001d4   0x00000002   Code   RO         1341    .ARM.Collect$$libshutdown$$00000000  c_w.l(libshutdown.o)
    0x080001d6   0x080001d6   0x00000000   Code   RO         1356    .ARM.Collect$$libshutdown$$00000002  c_w.l(libshutdown2.o)
    0x080001d6   0x080001d6   0x00000000   Code   RO         1358    .ARM.Collect$$libshutdown$$00000004  c_w.l(libshutdown2.o)
    0x080001d6   0x080001d6   0x00000000   Code   RO         1361    .ARM.Collect$$libshutdown$$00000007  c_w.l(libshutdown2.o)
    0x080001d6   0x080001d6   0x00000000   Code   RO         1364    .ARM.Collect$$libshutdown$$0000000A  c_w.l(libshutdown2.o)
    0x080001d6   0x080001d6   0x00000000   Code   RO         1366    .ARM.Collect$$libshutdown$$0000000C  c_w.l(libshutdown2.o)
    0x080001d6   0x080001d6   0x00000000   Code   RO         1369    .ARM.Collect$$libshutdown$$0000000F  c_w.l(libshutdown2.o)
    0x080001d6   0x080001d6   0x00000002   Code   RO         1370    .ARM.Collect$$libshutdown$$00000010  c_w.l(libshutdown2.o)
    0x080001d8   0x080001d8   0x00000000   Code   RO         1240    .ARM.Collect$$rtentry$$00000000  c_w.l(__rtentry.o)
    0x080001d8   0x080001d8   0x00000000   Code   RO         1244    .ARM.Collect$$rtentry$$00000002  c_w.l(__rtentry2.o)
    0x080001d8   0x080001d8   0x00000006   Code   RO         1256    .ARM.Collect$$rtentry$$00000004  c_w.l(__rtentry4.o)
    0x080001de   0x080001de   0x00000000   Code   RO         1246    .ARM.Collect$$rtentry$$00000009  c_w.l(__rtentry2.o)
    0x080001de   0x080001de   0x00000004   Code   RO         1247    .ARM.Collect$$rtentry$$0000000A  c_w.l(__rtentry2.o)
    0x080001e2   0x080001e2   0x00000000   Code   RO         1249    .ARM.Collect$$rtentry$$0000000C  c_w.l(__rtentry2.o)
    0x080001e2   0x080001e2   0x00000008   Code   RO         1250    .ARM.Collect$$rtentry$$0000000D  c_w.l(__rtentry2.o)
    0x080001ea   0x080001ea   0x00000002   Code   RO         1271    .ARM.Collect$$rtexit$$00000000  c_w.l(rtexit.o)
    0x080001ec   0x080001ec   0x00000000   Code   RO         1321    .ARM.Collect$$rtexit$$00000002  c_w.l(rtexit2.o)
    0x080001ec   0x080001ec   0x00000004   Code   RO         1322    .ARM.Collect$$rtexit$$00000003  c_w.l(rtexit2.o)
    0x080001f0   0x080001f0   0x00000006   Code   RO         1323    .ARM.Collect$$rtexit$$00000004  c_w.l(rtexit2.o)
    0x080001f6   0x080001f6   0x00000002   PAD
    0x080001f8   0x080001f8   0x00000040   Code   RO            4    .text               startup_stm32f103xe.o
    0x08000238   0x08000238   0x00000044   Code   RO         1232    .text               c_w.l(rt_memclr.o)
    0x0800027c   0x0800027c   0x0000004e   Code   RO         1234    .text               c_w.l(rt_memclr_w.o)
    0x080002ca   0x080002ca   0x00000006   Code   RO         1236    .text               c_w.l(heapauxi.o)
    0x080002d0   0x080002d0   0x0000004a   Code   RO         1258    .text               c_w.l(sys_stackheap_outer.o)
    0x0800031a   0x0800031a   0x00000012   Code   RO         1260    .text               c_w.l(exit.o)
    0x0800032c   0x0800032c   0x00000008   Code   RO         1268    .text               c_w.l(libspace.o)
    0x08000334   0x08000334   0x0000000c   Code   RO         1331    .text               c_w.l(sys_exit.o)
    0x08000340   0x08000340   0x00000002   Code   RO         1346    .text               c_w.l(use_no_semi.o)
    0x08000342   0x08000342   0x00000000   Code   RO         1348    .text               c_w.l(indicate_semi.o)
    0x08000342   0x08000342   0x00000002   PAD
    0x08000344   0x08000344   0x00000002   Code   RO           60    .text.BusFault_Handler  stm32f1xx_it.o
    0x08000346   0x08000346   0x00000002   PAD
    0x08000348   0x08000348   0x00000002   Code   RO           64    .text.DebugMon_Handler  stm32f1xx_it.o
    0x0800034a   0x0800034a   0x00000002   PAD
    0x0800034c   0x0800034c   0x0000000a   Code   RO           15    .text.Error_Handler  main.o
    0x08000356   0x08000356   0x00000002   PAD
    0x08000358   0x08000358   0x00000058   Code   RO         1218    .text.FreeRTOS_Start  freertos_demo1.o
    0x080003b0   0x080003b0   0x000001e6   Code   RO          666    .text.HAL_GPIO_Init  stm32f1xx_hal_gpio.o
    0x08000596   0x08000596   0x00000002   PAD
    0x08000598   0x08000598   0x00000010   Code   RO          674    .text.HAL_GPIO_TogglePin  stm32f1xx_hal_gpio.o
    0x080005a8   0x080005a8   0x0000000a   Code   RO          672    .text.HAL_GPIO_WritePin  stm32f1xx_hal_gpio.o
    0x080005b2   0x080005b2   0x00000002   PAD
    0x080005b4   0x080005b4   0x0000000c   Code   RO          566    .text.HAL_GetTick   stm32f1xx_hal.o
    0x080005c0   0x080005c0   0x0000001a   Code   RO          564    .text.HAL_IncTick   stm32f1xx_hal.o
    0x080005da   0x080005da   0x00000002   PAD
    0x080005dc   0x080005dc   0x00000026   Code   RO          554    .text.HAL_Init      stm32f1xx_hal.o
    0x08000602   0x08000602   0x00000002   PAD
    0x08000604   0x08000604   0x000000b2   Code   RO           86    .text.HAL_InitTick  stm32f1xx_hal_timebase_tim.o
    0x080006b6   0x080006b6   0x00000002   PAD
    0x080006b8   0x080006b8   0x00000042   Code   RO           77    .text.HAL_MspInit   stm32f1xx_hal_msp.o
    0x080006fa   0x080006fa   0x00000002   PAD
    0x080006fc   0x080006fc   0x00000022   Code   RO          726    .text.HAL_NVIC_EnableIRQ  stm32f1xx_hal_cortex.o
    0x0800071e   0x0800071e   0x00000002   PAD
    0x08000720   0x08000720   0x00000056   Code   RO          724    .text.HAL_NVIC_SetPriority  stm32f1xx_hal_cortex.o
    0x08000776   0x08000776   0x00000002   PAD
    0x08000778   0x08000778   0x00000020   Code   RO          722    .text.HAL_NVIC_SetPriorityGrouping  stm32f1xx_hal_cortex.o
    0x08000798   0x08000798   0x000001ba   Code   RO          618    .text.HAL_RCC_ClockConfig  stm32f1xx_hal_rcc.o
    0x08000952   0x08000952   0x00000002   PAD
    0x08000954   0x08000954   0x00000042   Code   RO          636    .text.HAL_RCC_GetClockConfig  stm32f1xx_hal_rcc.o
    0x08000996   0x08000996   0x00000002   PAD
    0x08000998   0x08000998   0x00000026   Code   RO          630    .text.HAL_RCC_GetPCLK1Freq  stm32f1xx_hal_rcc.o
    0x080009be   0x080009be   0x00000002   PAD
    0x080009c0   0x080009c0   0x00000026   Code   RO          632    .text.HAL_RCC_GetPCLK2Freq  stm32f1xx_hal_rcc.o
    0x080009e6   0x080009e6   0x00000002   PAD
    0x080009e8   0x080009e8   0x00000400   Code   RO          616    .text.HAL_RCC_OscConfig  stm32f1xx_hal_rcc.o
    0x08000de8   0x08000de8   0x00000002   Code   RO          420    .text.HAL_TIMEx_BreakCallback  stm32f1xx_hal_tim_ex.o
    0x08000dea   0x08000dea   0x00000002   PAD
    0x08000dec   0x08000dec   0x00000002   Code   RO          416    .text.HAL_TIMEx_CommutCallback  stm32f1xx_hal_tim_ex.o
    0x08000dee   0x08000dee   0x00000002   PAD
    0x08000df0   0x08000df0   0x0000005a   Code   RO          115    .text.HAL_TIM_Base_Init  stm32f1xx_hal_tim.o
    0x08000e4a   0x08000e4a   0x00000002   PAD
    0x08000e4c   0x08000e4c   0x00000002   Code   RO          117    .text.HAL_TIM_Base_MspInit  stm32f1xx_hal_tim.o
    0x08000e4e   0x08000e4e   0x00000002   PAD
    0x08000e50   0x08000e50   0x00000086   Code   RO          129    .text.HAL_TIM_Base_Start_IT  stm32f1xx_hal_tim.o
    0x08000ed6   0x08000ed6   0x00000002   PAD
    0x08000ed8   0x08000ed8   0x00000002   Code   RO          251    .text.HAL_TIM_IC_CaptureCallback  stm32f1xx_hal_tim.o
    0x08000eda   0x08000eda   0x00000002   PAD
    0x08000edc   0x08000edc   0x0000014e   Code   RO          249    .text.HAL_TIM_IRQHandler  stm32f1xx_hal_tim.o
    0x0800102a   0x0800102a   0x00000002   PAD
    0x0800102c   0x0800102c   0x00000002   Code   RO          253    .text.HAL_TIM_OC_DelayElapsedCallback  stm32f1xx_hal_tim.o
    0x0800102e   0x0800102e   0x00000002   PAD
    0x08001030   0x08001030   0x00000002   Code   RO          255    .text.HAL_TIM_PWM_PulseFinishedCallback  stm32f1xx_hal_tim.o
    0x08001032   0x08001032   0x00000002   PAD
    0x08001034   0x08001034   0x00000014   Code   RO           17    .text.HAL_TIM_PeriodElapsedCallback  main.o
    0x08001048   0x08001048   0x00000002   Code   RO          259    .text.HAL_TIM_TriggerCallback  stm32f1xx_hal_tim.o
    0x0800104a   0x0800104a   0x00000002   PAD
    0x0800104c   0x0800104c   0x000000e2   Code   RO          434    .text.HAL_UART_Init  stm32f1xx_hal_uart.o
    0x0800112e   0x0800112e   0x00000002   PAD
    0x08001130   0x08001130   0x0000007e   Code   RO           39    .text.HAL_UART_MspInit  usart.o
    0x080011ae   0x080011ae   0x00000002   PAD
    0x080011b0   0x080011b0   0x00000002   Code   RO           56    .text.HardFault_Handler  stm32f1xx_it.o
    0x080011b2   0x080011b2   0x00000002   PAD
    0x080011b4   0x080011b4   0x00000004   Code   RO          906    .text.Int_LED_Toggle  int_led.o
    0x080011b8   0x080011b8   0x00000016   Code   RO         1216    .text.LED_Task      freertos_demo1.o
    0x080011ce   0x080011ce   0x00000002   PAD
    0x080011d0   0x080011d0   0x000000e8   Code   RO           28    .text.MX_GPIO_Init  gpio.o
    0x080012b8   0x080012b8   0x0000003c   Code   RO           37    .text.MX_USART1_UART_Init  usart.o
    0x080012f4   0x080012f4   0x00000002   Code   RO           58    .text.MemManage_Handler  stm32f1xx_it.o
    0x080012f6   0x080012f6   0x00000002   PAD
    0x080012f8   0x080012f8   0x00000002   Code   RO           54    .text.NMI_Handler   stm32f1xx_it.o
    0x080012fa   0x080012fa   0x00000006   PAD
    0x08001300   0x08001300   0x00000044   Code   RO          967    .text.PendSV_Handler  port.o
    0x08001344   0x08001344   0x0000000c   PAD
    0x08001350   0x08001350   0x00000024   Code   RO          953    .text.SVC_Handler   port.o
    0x08001374   0x08001374   0x00000014   Code   RO           66    .text.SysTick_Handler  stm32f1xx_it.o
    0x08001388   0x08001388   0x00000002   Code   RO          887    .text.SystemInit    system_stm32f1xx.o
    0x0800138a   0x0800138a   0x00000002   PAD
    0x0800138c   0x0800138c   0x0000000c   Code   RO           68    .text.TIM7_IRQHandler  stm32f1xx_it.o
    0x08001398   0x08001398   0x000000e0   Code   RO          119    .text.TIM_Base_SetConfig  stm32f1xx_hal_tim.o
    0x08001478   0x08001478   0x00000002   Code   RO           62    .text.UsageFault_Handler  stm32f1xx_it.o
    0x0800147a   0x0800147a   0x00000002   PAD
    0x0800147c   0x0800147c   0x0000006e   Code   RO           11    .text.main          main.o
    0x080014ea   0x080014ea   0x00000002   PAD
    0x080014ec   0x080014ec   0x00000064   Code   RO         1199    .text.prvIdleTask   tasks.o
    0x08001550   0x08001550   0x00000020   Code   RO          959    .text.prvPortStartFirstTask  port.o
    0x08001570   0x08001570   0x0000002e   Code   RO          951    .text.prvTaskExitError  port.o
    0x0800159e   0x0800159e   0x00000002   PAD
    0x080015a0   0x080015a0   0x0000016e   Code   RO          923    .text.pvPortMalloc  heap_4.o
    0x0800170e   0x0800170e   0x00000002   PAD
    0x08001710   0x08001710   0x00000020   Code   RO          949    .text.pxPortInitialiseStack  port.o
    0x08001730   0x08001730   0x00000020   Code   RO         1015    .text.uxListRemove  list.o
    0x08001750   0x08001750   0x00000016   Code   RO         1007    .text.vListInitialise  list.o
    0x08001766   0x08001766   0x00000002   PAD
    0x08001768   0x08001768   0x00000006   Code   RO         1009    .text.vListInitialiseItem  list.o
    0x0800176e   0x0800176e   0x00000002   PAD
    0x08001770   0x08001770   0x00000062   Code   RO         1013    .text.vListInsert   list.o
    0x080017d2   0x080017d2   0x00000002   PAD
    0x080017d4   0x080017d4   0x00000020   Code   RO          963    .text.vPortEnterCritical  port.o
    0x080017f4   0x080017f4   0x0000001a   Code   RO          965    .text.vPortExitCritical  port.o
    0x0800180e   0x0800180e   0x00000002   PAD
    0x08001810   0x08001810   0x000000b8   Code   RO          925    .text.vPortFree     heap_4.o
    0x080018c8   0x080018c8   0x0000001e   Code   RO          957    .text.vPortSetupTimerInterrupt  port.o
    0x080018e6   0x080018e6   0x00000002   PAD
    0x080018e8   0x080018e8   0x0000009c   Code   RO         1127    .text.vTaskDelay    tasks.o
    0x08001984   0x08001984   0x00000068   Code   RO         1143    .text.vTaskStartScheduler  tasks.o
    0x080019ec   0x080019ec   0x00000010   Code   RO         1121    .text.vTaskSuspendAll  tasks.o
    0x080019fc   0x080019fc   0x00000056   Code   RO         1137    .text.vTaskSwitchContext  tasks.o
    0x08001a52   0x08001a52   0x00000002   PAD
    0x08001a54   0x08001a54   0x00000064   Code   RO          955    .text.xPortStartScheduler  port.o
    0x08001ab8   0x08001ab8   0x0000002e   Code   RO          969    .text.xPortSysTickHandler  port.o
    0x08001ae6   0x08001ae6   0x00000002   PAD
    0x08001ae8   0x08001ae8   0x00000224   Code   RO         1115    .text.xTaskCreate   tasks.o
    0x08001d0c   0x08001d0c   0x0000001e   Code   RO         1179    .text.xTaskGetSchedulerState  tasks.o
    0x08001d2a   0x08001d2a   0x00000002   PAD
    0x08001d2c   0x08001d2c   0x00000162   Code   RO         1147    .text.xTaskIncrementTick  tasks.o
    0x08001e8e   0x08001e8e   0x00000002   PAD
    0x08001e90   0x08001e90   0x00000128   Code   RO         1125    .text.xTaskResumeAll  tasks.o
    0x08001fb8   0x08001fb8   0x00000010   Data   RO          892    .rodata.AHBPrescTable  system_stm32f1xx.o
    0x08001fc8   0x08001fc8   0x00000008   Data   RO          893    .rodata.APBPrescTable  system_stm32f1xx.o
    0x08001fd0   0x08001fd0   0x00000002   Data   RO          643    .rodata.HAL_RCC_GetSysClockFreq.aPredivFactorTable  stm32f1xx_hal_rcc.o
    0x08001fd2   0x08001fd2   0x00000010   Data   RO          642    .rodata.cst16       stm32f1xx_hal_rcc.o
    0x08001fe2   0x08001fe2   0x00000002   PAD
    0x08001fe4   0x08001fe4   0x00000004   Data   RO         1203    .rodata.uxTopUsedPriority  tasks.o
    0x08001fe8   0x08001fe8   0x00000020   Data   RO         1404    Region$$Table       anon$$obj.o


    Execution Region RW_IRAM1 (Exec base: 0x20000000, Load base: 0x08002008, Size: 0x00004c38, Max: 0x00010000, ABSOLUTE)

    Exec Addr    Load Addr    Size         Type   Attr      Idx    E Section Name        Object

    0x20000000   0x08002008   0x00000008   Data   RW          605    .data..L_MergedGlobals  stm32f1xx_hal.o
    0x20000008   0x08002010   0x00000010   Data   RW         1220    .data..L_MergedGlobals  freertos_demo1.o
    0x20000018   0x08002020   0x00000004   Data   RW          891    .data.SystemCoreClock  system_stm32f1xx.o
    0x2000001c   0x08002024   0x00000004   Data   RW          971    .data.uxCriticalNesting  port.o
    0x20000020        -       0x00000060   Zero   RW         1269    .bss                c_w.l(libspace.o)
    0x20000080        -       0x0000001c   Zero   RW          940    .bss..L_MergedGlobals  heap_4.o
    0x2000009c        -       0x00000074   Zero   RW         1205    .bss..L_MergedGlobals  tasks.o
    0x20000110        -       0x00000028   Zero   RW         1206    .bss..L_MergedGlobals.2  tasks.o
    0x20000138        -       0x00000048   Zero   RW           92    .bss.htim7          stm32f1xx_hal_timebase_tim.o
    0x20000180        -       0x00000048   Zero   RW           45    .bss.huart1         usart.o
    0x200001c8        -       0x00000004   Zero   RW         1201    .bss.pxCurrentTCB   tasks.o
    0x200001cc        -       0x00000064   Zero   RW         1202    .bss.pxReadyTasksLists  tasks.o
    0x20000230        -       0x00004400   Zero   RW          939    .bss.ucHeap         heap_4.o
    0x20004630        -       0x00000004   Zero   RW          604    .bss.uwTick         stm32f1xx_hal.o
    0x20004634   0x08002028   0x00000004   PAD
    0x20004638        -       0x00000200   Zero   RW            2    HEAP                startup_stm32f103xe.o
    0x20004838        -       0x00000400   Zero   RW            1    STACK               startup_stm32f103xe.o


==============================================================================

Image component sizes


      Code (inc. data)   RO Data    RW Data    ZI Data      Debug   Object Name

       110         16          0         16          0       1487   freertos_demo1.o
       232          0          0          0          0       1664   gpio.o
       550          0          0          0      17436       5482   heap_4.o
         4          0          0          0          0       1401   int_led.o
       158          0          0          0          0       2186   list.o
       140          0          0          0          0       5841   main.o
       448         12          0          4          0       2773   port.o
        64         26        304          0       1536        800   startup_stm32f103xe.o
        76          0          0          8          4       6101   stm32f1xx_hal.o
       152          0          0          0          0       8756   stm32f1xx_hal_cortex.o
       512         22          0          0          0       4709   stm32f1xx_hal_gpio.o
        66          0          0          0          0       1212   stm32f1xx_hal_msp.o
      1608          0         18          0          0       8079   stm32f1xx_hal_rcc.o
       792          0          0          0          0      57839   stm32f1xx_hal_tim.o
         4          0          0          0          0      21408   stm32f1xx_hal_tim_ex.o
       178          0          0          0         72       6190   stm32f1xx_hal_timebase_tim.o
       226          0          0          0          0      33164   stm32f1xx_hal_uart.o
        44          0          0          0          0       4211   stm32f1xx_it.o
         2          0         24          4          0       1590   system_stm32f1xx.o
      1690          0          4          0        260      27648   tasks.o
       186          0          0          0         72       4774   usart.o

    ----------------------------------------------------------------------
      7348         88        384         32      19384     207315   Object Totals
         0          0         32          0          0          0   (incl. Generated)
       106         12          2          0          4          0   (incl. Padding)

    ----------------------------------------------------------------------

      Code (inc. data)   RO Data    RW Data    ZI Data      Debug   Library Member Name

         8          0          0          0          0         68   __main.o
         0          0          0          0          0          0   __rtentry.o
        12          0          0          0          0          0   __rtentry2.o
         6          0          0          0          0          0   __rtentry4.o
        94          8          0          0          0          0   __scatter.o
        26          0          0          0          0          0   __scatter_copy.o
        28          0          0          0          0          0   __scatter_zi.o
        18          0          0          0          0         80   exit.o
         6          0          0          0          0        152   heapauxi.o
         0          0          0          0          0          0   indicate_semi.o
         2          0          0          0          0          0   libinit.o
         2          0          0          0          0          0   libinit2.o
         2          0          0          0          0          0   libshutdown.o
         2          0          0          0          0          0   libshutdown2.o
         8          4          0          0         96         68   libspace.o
        68          0          0          0          0         68   rt_memclr.o
        78          0          0          0          0         80   rt_memclr_w.o
         2          0          0          0          0          0   rtexit.o
        10          0          0          0          0          0   rtexit2.o
        12          4          0          0          0         68   sys_exit.o
        74          0          0          0          0         80   sys_stackheap_outer.o
         2          0          0          0          0         68   use_no_semi.o

    ----------------------------------------------------------------------
       468         16          0          0         96        732   Library Totals
         8          0          0          0          0          0   (incl. Padding)

    ----------------------------------------------------------------------

      Code (inc. data)   RO Data    RW Data    ZI Data      Debug   Library Name

       460         16          0          0         96        732   c_w.l

    ----------------------------------------------------------------------
       468         16          0          0         96        732   Library Totals

    ----------------------------------------------------------------------

==============================================================================


      Code (inc. data)   RO Data    RW Data    ZI Data      Debug   

      7816        104        384         32      19480     207523   Grand Totals
      7816        104        384         32      19480     207523   ELF Image Totals
      7816        104        384         32          0          0   ROM Totals

==============================================================================

    Total RO  Size (Code + RO Data)                 8200 (   8.01kB)
    Total RW  Size (RW Data + ZI Data)             19512 (  19.05kB)
    Total ROM Size (Code + RO Data + RW Data)       8232 (   8.04kB)

==============================================================================

